---
source: packages/ddex-builder/tests/golden_files.rs
expression: result.xml
---
<?xml version="1.0" encoding="UTF-8"?>
<ern:NewReleaseMessage xmlns:ern="http://ddex.net/xml/ern/43" xmlns:xsi="http://www.w3.org/2001/XMLSchema-instance" MessageSchemaVersionId="ern/4.3">
  <MessageThreadId/>
  <MessageId/>
  <MessageCreatedDateTime/>
  <MessageSender>Test Sender</MessageSender>
</ern:NewReleaseMessage>
