{
  "components": {
    "schemas": {
      "BadGateway": {
        "additionalProperties": false,
        "description": "This response is reserved by Product Gateway.",
        "properties": {},
        "title": "BadGateway",
        "type": "object"
      },
      "CurrentWeatherMetricRequest": {
        "properties": {
          "lat": {
            "description": "The latitude coordinate of the desired location",
            "examples": [
              60.192059
            ],
            "maximum": 90.0,
            "minimum": -90.0,
            "title": "Latitude",
            "type": "number"
          },
          "lon": {
            "description": "The longitude coordinate of the desired location",
            "examples": [
              24.945831
            ],
            "maximum": 180.0,
            "minimum": -180.0,
            "title": "Longitude",
            "type": "number"
          }
        },
        "required": [
          "lat",
          "lon"
        ],
        "title": "CurrentWeatherMetricRequest",
        "type": "object"
      },
      "CurrentWeatherMetricResponse": {
        "properties": {
          "humidity": {
            "examples": [
              72
            ],
            "title": "Current relative air humidity in %",
            "type": "number"
          },
          "pressure": {
            "examples": [
              1007
            ],
            "title": "Current air pressure in hPa",
            "type": "number"
          },
          "rain": {
            "description": "If it's currently raining or not.",
            "title": "Rain status",
            "type": "boolean"
          },
          "temp": {
            "examples": [
              17.3
            ],
            "minimum": -273.15,
            "title": "Current temperature in Celsius",
            "type": "number"
          },
          "windDirection": {
            "examples": [
              220.0
            ],
            "maximum": 360.0,
            "minimum": 0.0,
            "title": "Current wind direction in meteorological wind direction degrees",
            "type": "number"
          },
          "windSpeed": {
            "examples": [
              2.1
            ],
            "minimum": 0.0,
            "title": "Current wind speed in m/s",
            "type": "number"
          }
        },
        "required": [
          "humidity",
          "pressure",
          "rain",
          "temp",
          "windSpeed",
          "windDirection"
        ],
        "title": "CurrentWeatherMetricResponse",
        "type": "object"
      },
      "DataSourceError": {
        "additionalProperties": false,
        "properties": {
          "message": {
            "description": "Error description",
            "title": "Error message",
            "type": "string"
          },
          "type": {
            "description": "Error identifier",
            "title": "Error type",
            "type": "string"
          }
        },
        "required": [
          "type",
          "message"
        ],
        "title": "DataSourceError",
        "type": "object"
      },
      "DataSourceNotFound": {
        "additionalProperties": false,
        "description": "This response is reserved by Product Gateway.",
        "properties": {
          "message": {
            "default": "Data source not found",
            "description": "Error description",
            "title": "Error message",
            "type": "string"
          }
        },
        "title": "DataSourceNotFound",
        "type": "object"
      },
      "DoesNotConformToDefinition": {
        "additionalProperties": false,
        "description": "This response is reserved by Product Gateway.",
        "properties": {
          "data_source_status_code": {
            "description": "HTTP status code returned from the data source",
            "title": "Data source status code",
            "type": "integer"
          },
          "message": {
            "default": "Response from data source does not conform to definition",
            "title": "Message",
            "type": "string"
          }
        },
        "required": [
          "data_source_status_code"
        ],
        "title": "DoesNotConformToDefinition",
        "type": "object"
      },
      "Forbidden": {
        "additionalProperties": false,
        "properties": {
          "message": {
            "description": "Error description",
            "title": "Error message",
            "type": "string"
          },
          "type": {
            "description": "Error identifier",
            "title": "Error type",
            "type": "string"
          }
        },
        "required": [
          "type",
          "message"
        ],
        "title": "Forbidden",
        "type": "object"
      },
      "GatewayTimeout": {
        "additionalProperties": false,
        "description": "This response is reserved by Product Gateway.",
        "properties": {
          "message": {
            "default": "",
            "description": "Error description",
            "title": "Error message",
            "type": "string"
          }
        },
        "title": "GatewayTimeout",
        "type": "object"
      },
      "HTTPValidationError": {
        "properties": {
          "detail": {
            "items": {
              "$ref": "#/components/schemas/ValidationError"
            },
            "title": "Detail",
            "type": "array"
          }
        },
        "title": "HTTPValidationError",
        "type": "object"
      },
      "NotFound": {
        "additionalProperties": false,
        "properties": {
          "message": {
            "description": "Error description",
            "title": "Error message",
            "type": "string"
          },
          "type": {
            "description": "Error identifier",
            "title": "Error type",
            "type": "string"
          }
        },
        "required": [
          "type",
          "message"
        ],
        "title": "NotFound",
        "type": "object"
      },
      "RateLimitExceeded": {
        "additionalProperties": false,
        "description": "This response is reserved by Product Gateway.",
        "properties": {
          "message": {
            "default": "Rate limit exceeded",
            "description": "Error description",
            "title": "Error message",
            "type": "string"
          }
        },
        "title": "RateLimitExceeded",
        "type": "object"
      },
      "ServiceUnavailable": {
        "additionalProperties": false,
        "description": "This response is reserved by Product Gateway.",
        "properties": {
          "message": {
            "default": "",
            "description": "Error description",
            "title": "Error message",
            "type": "string"
          }
        },
        "title": "ServiceUnavailable",
        "type": "object"
      },
      "Unauthorized": {
        "additionalProperties": false,
        "properties": {
          "message": {
            "description": "Error description",
            "title": "Error message",
            "type": "string"
          },
          "type": {
            "description": "Error identifier",
            "title": "Error type",
            "type": "string"
          }
        },
        "required": [
          "type",
          "message"
        ],
        "title": "Unauthorized",
        "type": "object"
      },
      "ValidationError": {
        "properties": {
          "loc": {
            "items": {
              "anyOf": [
                {
                  "type": "string"
                },
                {
                  "type": "integer"
                }
              ]
            },
            "title": "Location",
            "type": "array"
          },
          "msg": {
            "title": "Message",
            "type": "string"
          },
          "type": {
            "title": "Error Type",
            "type": "string"
          }
        },
        "required": [
          "loc",
          "msg",
          "type"
        ],
        "title": "ValidationError",
        "type": "object"
      }
    }
  },
  "info": {
    "description": "Current weather in a given location in metric units",
    "title": "Current weather in a given location",
    "version": "1.0.0"
  },
  "openapi": "3.1.0",
  "paths": {
    "/Weather/Current/Metric": {
      "post": {
        "description": "Current weather in a given location in metric units",
        "operationId": "request_Weather_Current_Metric",
        "parameters": [
          {
            "description": "Consent token",
            "in": "header",
            "name": "x-consent-token",
            "required": true,
            "schema": {
              "description": "Consent token",
              "title": "X-Consent-Token",
              "type": "string"
            }
          },
          {
            "description": "The login token. Value should be \"Bearer [token]\"",
            "in": "header",
            "name": "authorization",
            "required": true,
            "schema": {
              "description": "The login token. Value should be \"Bearer [token]\"",
              "title": "Authorization",
              "type": "string"
            }
          },
          {
            "description": "The bare domain of the system that provided the token.",
            "in": "header",
            "name": "x-authorization-provider",
            "required": false,
            "schema": {
              "anyOf": [
                {
                  "type": "string"
                },
                {
                  "type": "null"
                }
              ],
              "description": "The bare domain of the system that provided the token.",
              "title": "X-Authorization-Provider"
            }
          },
          {
            "description": "API key or token",
            "in": "header",
            "name": "x-api-key",
            "required": false,
            "schema": {
              "anyOf": [
                {
                  "type": "string"
                },
                {
                  "type": "null"
                }
              ],
              "description": "API key or token",
              "title": "X-API-Key"
            }
          }
        ],
        "requestBody": {
          "content": {
            "application/json": {
              "schema": {
                "$ref": "#/components/schemas/CurrentWeatherMetricRequest"
              }
            }
          },
          "required": true
        },
        "responses": {
          "200": {
            "content": {
              "application/json": {
                "schema": {
                  "$ref": "#/components/schemas/CurrentWeatherMetricResponse"
                }
              }
            },
            "description": "Successful Response"
          },
          "401": {
            "content": {
              "application/json": {
                "schema": {
                  "$ref": "#/components/schemas/Unauthorized"
                }
              }
            },
            "description": "Unauthorized"
          },
          "403": {
            "content": {
              "application/json": {
                "schema": {
                  "$ref": "#/components/schemas/Forbidden"
                }
              }
            },
            "description": "Forbidden"
          },
          "404": {
            "content": {
              "application/json": {
                "schema": {
                  "$ref": "#/components/schemas/NotFound"
                }
              }
            },
            "description": "Not Found"
          },
          "422": {
            "content": {
              "application/json": {
                "schema": {
                  "$ref": "#/components/schemas/HTTPValidationError"
                }
              }
            },
            "description": "Validation Error"
          },
          "429": {
            "content": {
              "application/json": {
                "schema": {
                  "$ref": "#/components/schemas/RateLimitExceeded"
                }
              }
            },
            "description": "Too Many Requests"
          },
          "444": {
            "content": {
              "application/json": {
                "schema": {
                  "$ref": "#/components/schemas/DataSourceNotFound"
                }
              }
            },
            "description": "Additional Response"
          },
          "500": {
            "content": {
              "application/json": {
                "schema": {
                  "$ref": "#/components/schemas/DataSourceError"
                }
              }
            },
            "description": "Internal Server Error"
          },
          "502": {
            "content": {
              "application/json": {
                "schema": {
                  "$ref": "#/components/schemas/BadGateway"
                }
              }
            },
            "description": "Bad Gateway"
          },
          "503": {
            "content": {
              "application/json": {
                "schema": {
                  "$ref": "#/components/schemas/ServiceUnavailable"
                }
              },
              "text/html": {},
              "text/plain": {}
            },
            "description": "Service Unavailable"
          },
          "504": {
            "content": {
              "application/json": {
                "schema": {
                  "$ref": "#/components/schemas/GatewayTimeout"
                }
              },
              "text/html": {},
              "text/plain": {}
            },
            "description": "Gateway Timeout"
          },
          "550": {
            "content": {
              "application/json": {
                "schema": {
                  "$ref": "#/components/schemas/DoesNotConformToDefinition"
                }
              }
            },
            "description": "Additional Response"
          }
        },
        "summary": "Current weather in a given location",
        "tags": [
          "humidity",
          "rain",
          "temperature",
          "wind"
        ]
      }
    }
  },
  "x-strict-validation": true
}
