  1.CA      52.000 1
  1.HA       4.220 1
  1.CB      38.700 1
  1.HB2      2.630 2
  1.HB1      2.770 2
  2.HN       8.110 1
  2.CA      60.883 1
  2.HA       4.249 1
  2.CB      30.920 1
  2.HB       1.956 1
  2.CG2     19.300 1
  2.HG21     0.814 1
  2.HG22     0.814 1
  2.HG23     0.814 1
  2.CG1     19.600 1
  2.HG11     0.730 1
  2.HG12     0.730 1
  2.HG13     0.730 1
  3.N      125.058 1
  3.HN       8.515 1
  3.CA      53.706 1
  3.HA       4.581 1
  3.CB      29.114 1
  3.HB2      1.970 2
  3.HB1      2.070 2
  3.CG      31.957 1
  3.HG2      2.298 2
  3.HG1      2.298 2
  3.NE2    111.640 1
  3.HE21     6.770 2
  3.HE22     7.450 2
  4.N      124.023 1
  4.HN       8.077 1
  4.CA      52.732 1
  4.HA       4.692 1
  4.CB      42.030 1
  4.HB2      1.470 2
  4.HB1      1.470 2
  4.CG      25.399 1
  4.HG       1.382 1
  4.CD1     22.977 2
  4.HD11     0.678 2
  4.HD12     0.678 2
  4.HD13     0.678 2
  4.CD2     24.165 2
  4.HD21     0.574 2
  4.HD22     0.574 2
  4.HD23     0.574 2
  5.N      121.165 1
  5.HN       8.269 1
  5.CA      53.511 1
  5.HA       4.866 1
  5.CB      29.426 1
  5.HB2      2.110 2
  5.HB1      2.110 2
  5.CG      31.900 1
  5.HG2      2.300 2
  5.HG1      2.300 2
  5.NE2    112.000 1
  5.HE21     6.860 2
  5.HE22     7.600 2
  6.N      131.177 1
  6.HN       8.579 1
  6.CA      49.293 1
  6.HA       5.754 1
  6.CB      19.286 1
  6.HB1      1.771 2
  6.HB2      1.771 2
  6.HB3      1.771 2
  7.N      114.274 1
  7.HN       9.513 1
  7.CA      56.201 1
  7.HA       4.781 1
  7.CB      64.222 1
  7.HB2      3.847 2
  7.HB1      3.849 2
  8.N      107.107 1
  8.HN       8.649 1
  8.CA      43.261 1
  8.HA2      3.786 2
  8.HA1      4.581 2
  9.N      107.038 1
  9.HN       8.119 1
  9.CA      43.624 1
  9.HA2      3.539 2
  9.HA1      3.894 2
 10.N      106.695 1
 10.HN       7.122 1
 10.CA      43.356 1
 10.HA2      3.990 2
 10.HA1      4.060 2
 11.N      122.631 1
 11.HN       8.087 1
 11.CA      52.531 1
 11.HA       5.252 1
 11.CB      41.490 1
 11.HB2      1.652 1
 11.HB1      1.455 1
 11.CG      25.690 1
 11.HG       1.459 1
 11.CD1     22.800 1
 11.HD11     0.842 1
 11.HD12     0.842 1
 11.HD13     0.842 1
 11.CD2     23.600 1
 11.HD21     0.823 1
 11.HD22     0.823 1
 11.HD23     0.823 1
 12.N      124.619 1
 12.HN       9.023 1
 12.CA      58.023 1
 12.HA       4.465 1
 12.CB      33.622 1
 12.HB       1.856 1
 12.CG2     19.384 2
 12.HG21     0.782 2
 12.HG22     0.782 2
 12.HG23     0.782 2
 12.CG1     19.850 2
 12.HG11     0.853 2
 12.HG12     0.853 2
 12.HG13     0.853 2
 13.N      122.357 1
 13.HN       8.156 1
 13.CA      52.185 1
 13.HA       4.704 1
 13.CB      26.198 1
 13.HB2      1.870 2
 13.HB1      2.047 2
 13.CG      32.181 1
 13.HG2      2.419 2
 13.HG1      2.419 2
 13.NE2    111.900 1
 13.HE21     6.810 2
 13.HE22     7.510 2
 14.CA      62.058 1
 14.HA       3.871 1
 14.CB      29.211 1
 14.HB2      1.886 1
 14.HB1      2.218 1
 14.CG      26.300 1
 14.HG2      1.742 1
 14.HG1      2.110 1
 14.CD      48.323 1
 14.HD2      3.523 1
 14.HD1      3.523 1
 15.N      114.154 1
 15.HN       9.756 1
 15.CA      43.000 1
 15.HA2      3.554 2
 15.HA1      4.388 2
 16.N      109.031 1
 16.HN       8.429 1
 16.CA      42.856 1
 16.HA2      3.708 2
 16.HA1      4.287 2
 17.N      109.617 1
 17.HN       7.845 1
 17.CA      54.692 1
 17.HA       5.569 1
 17.CB      65.454 1
 17.HB2      3.672 2
 17.HB1      3.763 2
 18.N      122.383 1
 18.HN       8.630 1
 18.CA      53.161 1
 18.HA       4.311 1
 18.CB      45.476 1
 18.HB2      1.300 1
 18.HB1      1.300 1
 18.HG       1.292 1
 18.CD1     22.816 2
 18.HD11     0.758 2
 18.HD12     0.758 2
 18.HD13     0.758 2
 18.CD2     24.298 2
 18.HD21     0.645 2
 18.HD22     0.645 2
 18.HD23     0.645 2
 19.N      124.541 1
 19.HN       8.139 1
 19.CA      52.675 1
 19.HA       5.129 1
 19.CB      30.869 1
 19.HB2      1.647 2
 19.HB1      1.748 2
 19.CG      25.586 1
 19.HG2      1.272 2
 19.HG1      1.347 2
 19.CD      41.699 1
 19.HD2      2.873 2
 19.HD1      2.873 2
 19.NE      83.900 1
 19.HE       6.890 1
 20.N      119.828 1
 20.HN       8.158 1
 20.CA      57.834 1
 20.HA       4.882 1
 20.CB      31.830 1
 20.HB       2.064 1
 20.CG2     18.290 1
 20.HG21    -0.090 1
 20.HG22    -0.090 1
 20.HG23    -0.090 1
 20.CG1     20.200 1
 20.HG11     0.305 1
 20.HG12     0.305 1
 20.HG13     0.305 1
 21.N      113.807 1
 21.HN       8.817 1
 21.CA      55.326 1
 21.HA       5.831 1
 21.CB      65.807 1
 21.HB2      3.600 1
 21.HB1      3.778 1
 22.N      119.645 1
 22.HN       9.157 1
 22.CA      52.516 1
 22.HA       5.384 1
 22.CB      46.165 1
 22.HB2      2.936 2
 22.HB1      3.037 2
 23.N      127.170 1
 23.HN       8.306 1
 23.CA      49.504 1
 23.HA       4.866 1
 23.CB      20.000 1
 23.HB1      1.411 1
 23.HB2      1.411 1
 23.HB3      1.411 1
 24.N      124.194 1
 24.HN       8.214 1
 24.CA      49.274 1
 24.HA       5.098 1
 24.CB      21.400 1
 24.HB1      1.053 1
 24.HB2      1.053 1
 24.HB3      1.053 1
 25.N      114.760 1
 25.HN       8.664 1
 25.CA      56.355 1
 25.HA       4.470 1
 25.CB      64.030 1
 25.HB2      3.853 1
 25.HB1      3.853 1
 26.CA      43.820 1
 26.HA2      4.400 1
 26.HA1      3.790 1
 27.N      115.860 1
 27.HN       7.470 1
 27.CA      54.370 1
 27.HA       4.830 1
 27.CB      38.500 1
 27.HB2      2.940 2
 27.HB1      3.090 2
 27.CD1    130.500 3
 27.HD1      6.961 1
 27.CE1    128.600 3
 27.HE1      7.135 1
 27.CZ     127.000 1
 27.HZ       6.990 1
 27.CE2    128.600 3
 27.HE2      7.135 1
 27.CD2    130.500 3
 27.HD2      6.961 1
 28.CA      59.158 1
 28.HA       4.310 1
 28.CB      67.188 1
 28.HB       4.239 1
 28.CG2     20.400 1
 28.HG21     1.215 1
 28.HG22     1.215 1
 28.HG23     1.215 1
 29.N      127.382 1
 29.HN       8.259 1
 29.CA      58.612 1
 29.HA       4.291 1
 29.CB      37.650 1
 29.HB2      2.870 2
 29.HB1      3.040 2
 29.CD1    129.300 3
 29.HD1      7.198 1
 29.CE1    129.200 3
 29.HE1      7.230 1
 29.CZ     127.100 1
 29.HZ       6.890 1
 29.CE2    129.200 3
 29.HE2      7.230 1
 29.CD2    129.300 3
 29.HD2      7.198 1
 30.N      111.246 1
 30.HN       8.494 1
 30.CA      58.339 1
 30.HA       4.026 1
 30.CB      61.379 1
 30.HB2      3.894 1
 30.HB1      3.894 1
 31.N      114.461 1
 31.HN       7.811 1
 31.CA      57.315 1
 31.HA       4.401 1
 31.CB      62.327 1
 31.HB2      3.636 1
 31.HB1      3.693 1
 32.N      117.822 1
 32.HN       7.525 1
 32.CA      55.961 1
 32.HA       4.838 1
 32.CB      39.550 1
 32.HB2      3.279 1
 32.HB1      2.693 1
 32.CD1    131.780 3
 32.HD1      7.350 1
 32.CE1    116.150 3
 32.HE1      6.884 1
 32.CE2    116.150 3
 32.HE2      6.884 1
 32.CD2    131.780 3
 32.HD2      7.350 1
 33.N      121.488 1
 33.HN       8.846 1
 33.CA      56.035 1
 33.HA       4.670 1
 33.CB      28.985 1
 33.HB2      2.882 1
 33.HB1      3.272 1
 34.N      121.046 1
 34.HN       8.027 1
 34.CA      50.081 1
 34.HA       5.665 1
 34.CB      32.980 1
 34.HB2      1.740 2
 34.HB1      1.941 2
 34.CG      29.468 1
 34.HG2      2.430 2
 34.HG1      2.486 2
 34.CE      13.300 1
 34.HE1      1.770 1
 35.N      121.861 1
 35.HN       9.157 1
 35.CA      48.459 1
 35.HA       5.732 1
 35.CB      23.353 1
 35.HB1      1.464 1
 35.HB2      1.464 1
 35.HB3      1.464 1
 36.N      115.198 1
 36.HN       8.752 1
 36.CA      54.829 1
 36.HA       5.476 1
 36.CB      30.865 1
 36.HB2      2.774 2
 36.HB1      3.107 2
 36.CD1    123.400 3
 36.HD1      6.950 1
 36.NE1    122.600 1
 36.HE1      7.900 1
 36.CZ2    111.400 3
 36.HZ2      6.960 1
 36.CH2    123.400 1
 36.HH2      6.960 1
 36.CZ3    119.400 3
 36.HZ3      6.730 1
 36.CE3    118.800 3
 36.HE3      7.680 1
 37.N      117.043 1
 37.HN       9.517 1
 37.CA      57.230 1
 37.HA       5.093 1
 37.CB      33.622 1
 37.HB       1.934 1
 37.CG2     18.506 1
 37.HG21     0.634 1
 37.HG22     0.634 1
 37.HG23     0.634 1
 37.CG1     20.313 1
 37.HG11     0.852 1
 37.HG12     0.852 1
 37.HG13     0.852 1
 38.N      118.073 1
 38.HN       9.413 1
 38.CA      51.545 1
 38.HA       5.812 1
 38.CB      31.003 1
 38.HB2      0.730 2
 38.HB1      0.680 2
 38.CG      22.800 1
 38.HG2      1.310 2
 38.HG1      1.391 2
 38.CD      43.080 1
 38.HD2      2.541 2
 38.HD1      2.541 2
 38.NE      83.900 1
 38.HE       7.270 1
 39.N      121.588 1
 39.HN       9.245 1
 39.CA      53.053 1
 39.HA       4.878 1
 39.CB      30.451 1
 39.HB2      1.733 2
 39.HB1      2.291 2
 39.CG      31.896 1
 39.HG2      2.138 2
 39.HG1      2.218 2
 39.NE2    111.300 1
 39.HE21     6.750 2
 39.HE22     7.650 2
 40.N      136.341 1
 40.HN       9.523 1
 40.CA      48.259 1
 40.HA       4.842 1
 40.CB      16.598 1
 40.HB1      1.460 1
 40.HB2      1.460 1
 40.HB3      1.460 1
 41.CA      62.402 1
 41.HA       4.315 1
 41.CB      29.693 1
 41.HB2      1.909 2
 41.HB1      2.258 2
 41.CG      25.954 1
 41.HG2      1.995 2
 41.HG1      2.134 2
 41.CD      48.559 1
 41.HD2      3.650 2
 41.HD1      3.812 2
 42.N      112.368 1
 42.HN       8.683 1
 42.CA      44.011 1
 42.HA2      3.749 2
 42.HA1      4.125 2
 43.N      119.773 1
 43.HN       7.927 1
 43.CA      52.732 1
 43.HA       4.751 1
 43.CB      33.662 1
 43.HB2      1.960 2
 43.HB1      2.030 2
 43.CG      23.475 1
 43.HG2      1.301 2
 43.HG1      1.422 2
 43.CD      27.105 1
 43.HD2      1.636 2
 43.HD1      1.687 2
 43.CE      40.951 1
 43.HE2      2.998 1
 43.HE1      2.998 1
 44.N      106.277 1
 44.HN       8.191 1
 44.CA      42.414 1
 44.HA2      4.226 1
 44.HA1      3.736 1
 45.N      120.856 1
 45.HN       8.174 1
 45.CA      54.202 1
 45.HA       4.210 1
 45.CB      41.150 1
 45.HB2      1.215 2
 45.HB1      1.400 2
 45.CG      25.165 1
 45.HG       1.262 1
 45.CD1     22.639 1
 45.HD11     0.321 1
 45.HD12     0.321 1
 45.HD13     0.321 1
 45.CD2     22.639 1
 45.HD21     0.321 1
 45.HD22     0.321 1
 45.HD23     0.321 1
 46.N      125.481 1
 46.HN       9.377 1
 46.CA      52.573 1
 46.HA       4.774 1
 46.CB      31.416 1
 46.HB2      1.859 2
 46.HB1      2.056 2
 46.CG      34.300 1
 46.HG2      2.138 1
 46.HG1      2.242 1
 47.N      127.433 1
 47.HN       8.965 1
 47.CA      58.058 1
 47.HA       4.426 1
 47.CB      26.109 1
 47.HB2      3.214 2
 47.HB1      3.214 2
 47.CD1    123.000 3
 47.HD1      6.850 1
 47.NE1    132.600 1
 47.HE1     10.410 1
 47.CZ2    111.600 3
 47.HZ2      7.140 1
 47.CH2    121.600 1
 47.HH2      6.818 1
 47.CZ3    118.900 3
 47.HZ3      6.850 1
 47.CE3    118.500 3
 47.HE3      7.468 1
 48.N      122.759 1
 48.HN       7.913 1
 48.CA      61.379 1
 48.HA       3.901 1
 48.CB      31.968 1
 48.HB       1.964 1
 48.CG2     18.957 1
 48.HG21     0.865 1
 48.HG22     0.865 1
 48.HG23     0.865 1
 48.CG1     21.100 1
 48.HG11     0.984 1
 48.HG12     0.984 1
 48.HG13     0.984 1
 49.N      108.747 1
 49.HN       7.141 1
 49.CA      55.471 1
 49.HA       4.920 1
 49.CB      64.031 1
 49.HB2      3.539 2
 49.HB1      3.816 2
 49.HG       6.950 1
 50.N      120.315 1
 50.HN       8.835 1
 50.CA      59.655 1
 50.HA       5.561 1
 50.CB      71.183 1
 50.HB       4.118 1
 50.CG2     21.766 1
 50.HG21     1.179 1
 50.HG22     1.179 1
 50.HG23     1.179 1
 51.N      122.875 1
 51.HN       9.381 1
 51.CA      57.078 1
 51.HA       5.245 1
 51.CB      40.376 1
 51.HB       1.632 1
 51.CG1     26.920 1
 51.HG12     1.080 2
 51.HG11     1.645 2
 51.CD1     12.883 1
 51.HD11     0.823 1
 51.HD12     0.823 1
 51.HD13     0.823 1
 51.CG2     14.016 1
 51.HG21     0.961 1
 51.HG22     0.961 1
 51.HG23     0.961 1
 52.N      127.299 1
 52.HN       8.491 1
 52.CA      49.130 1
 52.HA       4.649 1
 52.CB      36.639 1
 52.HB2      2.709 2
 52.HB1      3.106 2
 52.ND2    111.380 1
 52.HD21     6.910 2
 52.HD22     7.870 2
 53.CA      62.100 1
 53.HA       4.163 1
 53.CB      30.201 1
 53.HB2      1.890 1
 53.HB1      1.890 1
 53.CG      25.144 1
 53.HG2      1.447 2
 53.HG1      1.796 2
 53.CD      47.420 1
 53.HD2      2.863 2
 53.HD1      3.121 2
 54.N      106.462 1
 54.HN       8.380 1
 54.CA      45.181 1
 54.HA2      3.899 1
 54.HA1      3.899 1
 55.N      120.194 1
 55.HN       7.813 1
 55.CA      51.659 1
 55.HA       4.689 1
 55.CB      39.168 1
 55.HB2      2.651 2
 55.HB1      2.983 2
 56.N      108.372 1
 56.HN       8.031 1
 56.CA      44.374 1
 56.HA2      3.863 2
 56.HA1      4.025 2
 57.N      116.565 1
 57.HN       8.389 1
 57.CA      58.238 1
 57.HA       4.334 1
 57.CB      62.054 1
 57.HB2      3.894 1
 57.HB1      3.894 1
 58.N      109.746 1
 58.HN       7.786 1
 58.CA      57.344 1
 58.HA       5.152 1
 58.CB      70.945 1
 58.HB       3.871 1
 58.CG2     21.346 1
 58.HG21     1.261 1
 58.HG22     1.261 1
 58.HG23     1.261 1
 59.N      118.669 1
 59.HN       8.265 1
 59.CA      55.182 1
 59.HA       4.874 1
 59.CB      40.000 1
 59.HB2      2.836 1
 59.HB1      3.392 1
 59.CD1    131.440 3
 59.HD1      7.044 1
 59.CE1    115.910 3
 59.HE1      6.746 1
 59.CE2    115.910 3
 59.HE2      6.746 1
 59.CD2    131.440 3
 59.HD2      7.044 1
 60.N      118.976 1
 60.HN       8.903 1
 60.CA      56.000 1
 60.HA       4.758 1
 60.CB      41.548 1
 60.HB2      2.488 2
 60.HB1      2.944 2
 60.CD1    130.050 3
 60.HD1      7.028 1
 60.CE1    116.420 3
 60.HE1      6.764 1
 60.CE2    116.420 3
 60.HE2      6.764 1
 60.CD2    130.050 3
 60.HD2      7.028 1
 61.N      125.450 1
 61.HN       7.623 1
 61.CA      50.455 1
 61.HA       4.411 1
 61.CB      17.400 1
 61.HB1      1.408 1
 61.HB2      1.408 1
 61.HB3      1.408 1
 62.N      122.695 1
 62.HN       9.015 1
 62.CA      56.390 1
 62.HA       4.295 1
 62.CB      38.778 1
 62.HB2      2.713 1
 62.HB1      2.713 1
 63.N      110.206 1
 63.HN       8.165 1
 63.CA      58.238 1
 63.HA       4.164 1
 63.CB      61.081 1
 63.HB2      3.822 2
 63.HB1      3.873 2
 64.N      111.568 1
 64.HN       7.266 1
 64.CA      58.497 1
 64.HA       4.079 1
 64.CB      29.934 1
 64.HB       1.053 1
 64.CG2     18.800 2
 64.HG21     0.190 2
 64.HG22     0.190 2
 64.HG23     0.190 2
 64.CG1     17.649 2
 64.HG11     0.853 2
 64.HG12     0.853 2
 64.HG13     0.853 2
 65.N      125.340 1
 65.HN       7.285 1
 65.CA      56.681 1
 65.HA       3.623 1
 65.CB      30.612 1
 65.HB2      1.809 1
 65.HB1      1.809 1
 65.CG      23.180 1
 65.HG2      1.422 1
 65.HG1      1.422 1
 65.CD      27.821 1
 65.HD2      1.806 1
 65.HD1      1.806 1
 65.CE      40.414 1
 65.HE2      3.084 1
 65.HE1      3.084 1
 66.N      115.908 1
 66.HN       9.096 1
 66.CA      43.574 1
 66.HA2      3.531 1
 66.HA1      4.264 1
 67.N      116.722 1
 67.HN       7.697 1
 67.CA      55.442 1
 67.HA       4.582 1
 67.CB      28.917 1
 67.HB2      2.176 1
 67.HB1      1.625 1
 67.CG      26.677 1
 67.HG2      1.336 2
 67.HG1      1.440 2
 67.CD      41.142 1
 67.HD2      3.303 2
 67.HD1      3.303 2
 67.NE      81.300 1
 67.HE       6.740 1
 68.N      119.585 1
 68.HN       7.380 1
 68.CA      50.917 1
 68.HA       5.994 1
 68.CB      38.001 1
 68.HB2      2.916 1
 68.HB1      2.916 1
 68.CD1    126.700 3
 68.HD1      6.985 1
 68.CE1    129.400 3
 68.HE1      7.235 1
 68.CZ     128.100 1
 68.HZ       7.060 1
 68.CE2    129.400 3
 68.HE2      7.235 1
 68.CD2    126.700 3
 68.HD2      6.985 1
 69.N      112.485 1
 69.HN       8.870 1
 69.CA      59.548 1
 69.HA       5.183 1
 69.CB      70.287 1
 69.HB       3.816 1
 69.CG2     20.071 1
 69.HG21     1.178 1
 69.HG22     1.178 1
 69.HG23     1.178 1
 70.N      132.515 1
 70.HN       9.251 1
 70.CA      57.458 1
 70.HA       5.345 1
 70.CB      38.998 1
 70.HB       1.987 1
 70.CG1     27.095 1
 70.HG12     1.244 1
 70.HG11     2.211 1
 70.CD1     13.290 1
 70.HD11     1.078 1
 70.HD12     1.078 1
 70.HD13     1.078 1
 70.CG2     14.800 1
 70.HG21     1.030 1
 70.HG22     1.030 1
 70.HG23     1.030 1
 71.N      117.383 1
 71.HN       8.503 1
 71.CA      56.307 1
 71.HA       4.643 1
 71.CB      63.771 1
 71.HB2      3.925 1
 71.HB1      3.925 1
 72.N      117.504 1
 72.HN       9.063 1
 72.CA      52.700 1
 72.HA       5.410 1
 72.CB      33.500 1
 72.HB2      1.770 2
 72.HB1      1.980 2
 72.CG      24.491 1
 72.HG2      1.620 2
 72.HG1      1.672 2
 72.CD      42.250 1
 72.HD2      3.010 2
 72.HD1      3.260 2
 72.HE       7.260 1
 73.N      122.322 1
 73.HN       8.942 1
 73.CA      50.887 1
 73.HA       5.013 1
 73.CB      40.789 1
 73.HB2      2.672 2
 73.HB1      3.072 2
 74.CA      53.875 1
 74.HA       4.724 1
 74.CB      36.308 1
 74.HB2      2.915 2
 74.HB1      3.020 2
 74.ND2    111.300 1
 74.HD21     7.020 2
 74.HD22     7.670 2
 75.N      122.228 1
 75.HN       8.451 1
 75.CA      52.920 1
 75.HA       4.320 1
 75.CB      17.160 1
 75.HB1      1.551 1
 75.HB2      1.551 1
 75.HB3      1.551 1
 76.N      114.299 1
 76.HN       7.453 1
 76.CA      53.395 1
 76.HA       4.360 1
 76.CB      31.350 1
 76.HB2      2.003 1
 76.HB1      1.453 1
 76.CG      23.700 1
 76.HG2      1.350 2
 76.HG1      1.470 2
 76.CD      27.300 1
 76.HD2      1.660 1
 76.HD1      1.660 1
 76.CE      40.469 1
 76.HE2      2.995 1
 76.HE1      2.995 1
 77.HN       7.980 1
 77.CA      52.237 1
 77.HA       3.772 1
 77.CB      36.020 1
 77.HB2      2.847 1
 77.HB1      2.655 1
 77.ND2    112.400 1
 77.HD21     6.880 2
 77.HD22     7.250 2
 78.N      109.148 1
 78.HN       7.483 1
 78.CA      59.391 1
 78.HA       5.087 1
 78.CB      70.900 1
 78.HB       3.480 1
 78.CG2     19.860 1
 78.HG21     0.658 1
 78.HG22     0.658 1
 78.HG23     0.658 1
 78.HG1      6.680 1
 79.N      127.445 1
 79.HN       8.482 1
 79.CA      51.147 1
 79.HA       4.959 1
 79.CB      45.225 1
 79.HB2      1.094 2
 79.HB1      1.800 2
 79.CG      26.150 1
 79.HG       1.750 1
 79.CD1     23.173 2
 79.HD11     0.942 2
 79.HD12     0.942 2
 79.HD13     0.942 2
 79.CD2     24.673 2
 79.HD21     0.403 2
 79.HD22     0.403 2
 79.HD23     0.403 2
 80.N      121.380 1
 80.HN       9.224 1
 80.CA      55.516 1
 80.HA       5.671 1
 80.CB      40.858 1
 80.HB2      2.761 1
 80.HB1      2.990 1
 80.CD1    130.870 3
 80.HD1      6.896 1
 80.CE1    115.870 3
 80.HE1      6.693 1
 80.CE2    115.870 3
 80.HE2      6.693 1
 80.CD2    130.870 3
 80.HD2      6.896 1
 81.N      122.854 1
 81.HN       8.516 1
 81.CA      52.588 1
 81.HA       4.603 1
 81.CB      39.900 1
 81.HB2     -0.870 2
 81.HB1      0.679 2
 81.CG      24.431 1
 81.HG       0.472 1
 81.CD1     20.500 2
 81.HD11     0.667 2
 81.HD12     0.667 2
 81.HD13     0.667 2
 81.CD2     23.704 2
 81.HD21     0.136 2
 81.HD22     0.136 2
 81.HD23     0.136 2
 82.N      127.742 1
 82.HN       8.872 1
 82.CA      52.913 1
 82.HA       4.193 1
 82.CB      27.700 1
 82.HB2      1.910 2
 82.HB1      1.978 2
 82.CG      31.939 1
 82.HG2      1.870 2
 82.HG1      2.338 2
 82.NE2    112.970 1
 82.HE21     6.870 1
 82.HE22     6.940 1
 83.N      127.511 1
 83.HN       8.842 1
 83.CA      53.197 1
 83.HA       3.978 1
 83.CB      32.864 1
 83.HB2      0.994 2
 83.HB1      1.780 2
 83.CG      29.032 1
 83.HG2     -0.030 1
 83.HG1      1.343 1
 83.CE      16.500 1
 83.HE1      0.950 1
 84.N      119.764 1
 84.HN       7.745 1
 84.CA      49.360 1
 84.HA       5.120 1
 84.CB      39.221 1
 84.HB2      2.767 2
 84.HB1      3.089 2
 84.ND2    113.060 1
 84.HD21     7.340 1
 84.HD22     6.750 1
 85.N      111.034 1
 85.HN       8.500 1
 85.CA      56.000 1
 85.HA       3.640 1
 85.CB      60.200 1
 85.HB2      4.040 2
 85.HB1      3.700 2
 86.N      119.141 1
 86.HN       8.158 1
 86.CA      55.154 1
 86.HA       3.910 1
 86.CB      41.172 1
 86.HB2      1.256 1
 86.HB1      1.424 1
 86.CG      26.584 1
 86.HG       1.276 1
 86.CD1     22.977 2
 86.HD11     0.908 2
 86.HD12     0.908 2
 86.HD13     0.908 2
 86.CD2     25.056 2
 86.HD21     0.509 2
 86.HD22     0.509 2
 86.HD23     0.509 2
 87.N      120.853 1
 87.HN       9.514 1
 87.CA      52.230 1
 87.HA       4.789 1
 87.CB      34.793 1
 87.HB2      1.639 2
 87.HB1      2.149 2
 87.CG      22.974 1
 87.HG2      1.504 1
 87.HG1      1.504 1
 87.CD      27.821 1
 87.HD2      1.620 1
 87.HD1      1.620 1
 87.CE      40.416 1
 87.HE2      2.880 1
 87.HE1      2.880 1
 88.N      118.453 1
 88.HN       9.127 1
 88.CA      60.944 1
 88.HA       4.133 1
 88.CB      61.155 1
 88.HB2      3.940 2
 88.HB1      3.940 2
 89.N      118.101 1
 89.HN       9.184 1
 89.CA      56.973 1
 89.HA       4.295 1
 89.CB      26.885 1
 89.HB2      2.007 2
 89.HB1      2.109 2
 89.CG      34.900 1
 89.HG2      2.240 2
 89.HG1      2.290 2
 90.N      117.533 1
 90.HN       8.431 1
 90.CA      53.280 1
 90.HA       4.758 1
 90.CB      40.623 1
 90.HB2      2.828 2
 90.HB1      3.060 2
 91.N      120.094 1
 91.HN       7.794 1
 91.CA      62.811 1
 91.HA       4.463 1
 91.CB      68.098 1
 91.HB       4.388 1
 91.CG2     20.367 1
 91.HG21     1.506 1
 91.HG22     1.506 1
 91.HG23     1.506 1
 91.HG1      5.828 1
 92.N      127.832 1
 92.HN       9.084 1
 92.CA      50.890 1
 92.HA       4.519 1
 92.CB      19.800 1
 92.HB1      1.122 1
 92.HB2      1.122 1
 92.HB3      1.122 1
 93.N      118.437 1
 93.HN       7.764 1
 93.CA      60.832 1
 93.HA       4.403 1
 93.CB      30.137 1
 93.HB       1.979 1
 93.CG2     19.829 2
 93.HG21     0.377 2
 93.HG22     0.377 2
 93.HG23     0.377 2
 93.CG1     20.303 2
 93.HG11     0.939 2
 93.HG12     0.939 2
 93.HG13     0.939 2
 94.N      127.120 1
 94.HN       9.136 1
 94.CA      56.744 1
 94.HA       4.912 1
 94.CB      38.446 1
 94.HB2      2.880 2
 94.HB1      2.920 2
 94.CD1    123.400 3
 94.HD1      6.960 1
 94.CE1    116.200 3
 94.HE1      6.760 1
 94.HH      10.250 1
 94.CE2    116.200 3
 94.HE2      6.760 1
 94.CD2    123.400 3
 94.HD2      6.960 1
 95.N      118.055 1
 95.HN       9.396 1
 95.CA      54.487 1
 95.HA       4.922 1
 95.CB      39.756 1
 95.HB2      3.144 1
 95.HB1      2.490 1
 95.CD1    131.750 3
 95.HD1      6.895 1
 95.CE1    115.690 3
 95.HE1      6.704 1
 95.CE2    115.690 3
 95.HE2      6.704 1
 95.CD2    131.750 3
 95.HD2      6.895 1
 96.N      118.573 1
 96.HN       8.881 1
 96.CA      51.706 1
 96.HA       4.951 1
 96.CB      43.064 1
 96.HB2      1.817 2
 96.HB1      2.381 2
 97.N      119.606 1
 97.HN       8.581 1
 97.CA      49.471 1
 97.HA       4.833 1
 97.CB      22.150 1
 97.HB1      1.131 1
 97.HB2      1.131 1
 97.HB3      1.131 1
 98.N      120.570 1
 98.HN       8.123 1
 98.CA      53.453 1
 98.HA       5.098 1
 98.CB      33.595 1
 98.HB2      1.383 2
 98.HB1      1.477 2
 98.CG      22.493 1
 98.HG2      1.016 1
 98.HG1      1.016 1
 98.CD      27.821 1
 98.HD2      0.480 2
 98.HD1      0.680 2
 98.CE      39.196 1
 98.HE2      1.700 2
 98.HE1      1.920 2
 99.N      125.351 1
 99.HN       8.491 1
 99.CA      55.499 1
 99.HA       4.967 1
 99.CB      39.043 1
 99.HB2      2.690 2
 99.HB1      2.720 2
 99.CD1    130.120 3
 99.HD1      6.634 1
 99.CE1    115.690 3
 99.HE1      6.344 1
 99.CE2    115.690 3
 99.HE2      6.344 1
 99.CD2    130.120 3
 99.HD2      6.634 1
100.N      117.755 1
100.HN       8.521 1
100.CA      55.644 1
100.HA       4.519 1
100.CB      62.054 1
100.HB2      3.703 1
100.HB1      3.703 1
101.CA      44.590 1
101.HA2      3.590 2
101.HA1      3.830 2
102.N      107.310 1
102.HN       8.010 1
102.CA      43.116 1
102.HA2      3.546 2
102.HA1      3.871 2
103.N      123.552 1
103.HN       7.646 1
103.CA      49.158 1
103.HA       4.434 1
103.CB      18.953 1
103.HB1      1.292 1
103.HB2      1.292 1
103.HB3      1.292 1
104.N      122.459 1
104.HN       8.136 1
104.CA      53.165 1
104.HA       3.940 1
104.CB      40.712 1
104.HB2      1.217 2
104.HB1      1.331 2
104.CG      25.129 1
104.HG       1.312 1
104.CD1     23.315 2
104.HD11     0.525 2
104.HD12     0.525 2
104.HD13     0.525 2
104.CD2     22.788 2
104.HD21     0.403 2
104.HD22     0.403 2
104.HD23     0.403 2
105.N      124.289 1
105.HN       8.482 1
105.CA      52.214 1
105.HA       4.658 1
105.CB      41.241 1
105.HB2      2.404 1
105.HB1      2.404 1
106.N      120.642 1
106.HN       7.753 1
106.CA      50.340 1
106.HA       4.142 1
106.CB      18.071 1
106.HB1      0.968 1
106.HB2      0.968 1
106.HB3      0.968 1
107.N      120.143 1
107.HN       7.940 1
107.CA      54.779 1
107.HA       5.036 1
107.CB      28.646 1
107.HB2      3.041 2
107.HB1      3.116 2
107.CD1    124.400 3
107.HD1      6.840 1
107.NE1    128.200 1
107.HE1      9.680 1
107.CZ2    112.100 3
107.HZ2      7.180 1
107.CH2    121.900 1
107.HH2      6.940 1
107.CZ3    119.200 3
107.HZ3      6.713 1
107.CE3    118.100 3
107.HE3      7.086 1
108.N      108.544 1
108.HN       7.929 1
108.CA      43.800 1
108.HA2      4.250 1
108.HA1      4.170 1
109.N      120.094 1
109.HN       8.139 1
109.CA      54.289 1
109.HA       4.689 1
109.CB      28.849 1
109.HB2      2.228 2
109.HB1      2.307 2
109.CG      32.622 1
109.HG2      2.602 1
109.HG1      2.602 1
109.NE2    112.100 1
109.HE21     6.930 2
109.HE22     7.680 2
110.N      114.556 1
110.HN       8.917 1
110.CA      43.581 1
110.HA2      2.651 2
110.HA1      4.496 2
111.N      114.344 1
111.HN       8.790 1
111.CA      57.774 1
111.HA       4.866 1
111.CB      69.253 1
111.HB       3.732 1
111.CG2     17.000 1
111.HG21     1.065 1
111.HG22     1.065 1
111.HG23     1.065 1
112.N      131.022 1
112.HN       8.713 1
112.CA      54.829 1
112.HA       4.457 1
112.CB      27.557 1
112.HB2      2.055 2
112.HB1      2.055 2
112.CG      31.820 1
112.HG2      2.012 2
112.HG1      2.259 2
112.NE2    111.700 1
112.HE21     6.630 2
112.HE22     6.970 2
113.N      129.452 1
113.HN       8.968 1
113.CA      60.435 1
113.HA       4.372 1
113.CB      31.899 1
113.HB       2.365 1
113.CG2     20.350 2
113.HG21     0.511 2
113.HG22     0.511 2
113.HG23     0.511 2
113.CG1     17.960 2
113.HG11     0.625 2
113.HG12     0.625 2
113.HG13     0.625 2
114.N      124.523 1
114.HN       8.426 1
114.CA      60.054 1
114.HA       4.581 1
114.CB      68.648 1
114.HB       3.878 1
114.CG2     20.555 1
114.HG21     1.114 1
114.HG22     1.114 1
114.HG23     1.114 1
115.N      128.428 1
115.HN       8.401 1
115.CA      58.267 1
115.HA       4.820 1
115.CB      29.495 1
115.HB       1.902 1
115.CG2     19.099 1
115.HG21     0.650 1
115.HG22     0.650 1
115.HG23     0.650 1
115.CG1     18.492 1
115.HG11     0.405 1
115.HG12     0.405 1
115.HG13     0.405 1
116.N      120.321 1
116.HN       8.472 1
116.CA      55.757 1
116.HA       4.556 1
116.CB      63.016 1
116.HB2      3.560 2
116.HB1      3.770 2
117.N      119.200 1
117.HN       8.690 1
117.CA      57.080 1
117.HA       4.530 1
117.CB      62.230 1
117.HB2      3.870 2
117.HB1      3.990 2
118.N      110.570 1
118.HN       8.510 1
118.HE21     6.970 2
118.HE22     7.690 2
119.CA      56.800 1
119.HA       4.457 1
119.CB      62.123 1
119.HB2      3.840 1
119.HB1      3.840 1
120.N      122.429 1
120.HN       8.547 1
120.CA      55.184 1
120.HA       4.273 1
120.CB      28.327 1
120.HB2      1.935 2
120.HB1      2.029 2
120.CG      34.603 1
120.HG2      2.235 1
120.HG1      2.235 1
121.N      121.101 1
121.HN       8.287 1
121.CA      54.145 1
121.HA       4.264 1
121.CB      27.640 1
121.HB2      1.944 2
121.HB1      2.058 2
121.CG      32.071 1
121.HG2      2.323 2
121.HG1      2.323 2
121.NE2    112.080 1
121.HE21     6.810 2
121.HE22     7.510 2
122.N      122.871 1
122.HN       8.250 1
122.CA      54.404 1
122.HA       4.298 1
122.CB      30.937 1
122.HB2      1.725 2
122.HB1      1.804 2
122.CG      22.857 1
122.HG2      1.396 1
122.HG1      1.396 1
122.CD      27.138 1
122.HD2      1.659 1
122.HD1      1.659 1
122.CE      40.434 1
122.HE2      2.980 1
122.HE1      2.980 1
123.N      123.662 1
123.HN       8.241 1
123.CA      53.424 1
123.HA       4.380 1
123.CB      40.417 1
123.HB2      1.570 2
123.HB1      1.630 2
123.CG      25.157 1
123.HG       1.589 1
123.CD1     23.220 2
123.HD11     0.907 2
123.HD12     0.907 2
123.HD13     0.907 2
123.CD2     21.766 2
123.HD21     0.844 2
123.HD22     0.844 2
123.HD23     0.844 2
124.N      121.902 1
124.HN       8.078 1
124.CA      59.189 1
124.HA       4.202 1
124.CB      37.062 1
124.HB       1.856 1
124.CG1     25.365 1
124.HG12     1.172 2
124.HG11     1.452 2
124.CD1     10.800 1
124.HD11     0.835 1
124.HD12     0.835 1
124.HD13     0.835 1
124.CG2     15.860 1
124.HG21     0.888 1
124.HG22     0.888 1
124.HG23     0.888 1
125.N      119.997 1
125.HN       8.416 1
125.CA      56.232 1
125.HA       4.485 1
125.CB      62.100 1
125.HB2      3.830 2
125.HB1      3.930 2
126.N      122.985 1
126.HN       8.537 1
126.CA      55.400 1
126.HA       4.210 1
126.CB      28.396 1
126.HB2      1.960 2
126.HB1      2.058 2
126.CG      34.700 1
126.HG2      2.260 1
126.HG1      2.260 1
127.N      120.180 1
127.HN       8.344 1
127.CA      55.536 1
127.HA       4.180 1
127.CB      28.396 1
127.HB2      1.920 2
127.HB1      1.980 2
127.CG      34.500 1
127.HG2      2.250 1
127.HG1      2.250 1
128.N      120.617 1
128.HN       8.140 1
128.CA      52.905 1
128.HA       4.560 1
128.CB      39.000 1
128.HB2      2.660 2
128.HB1      2.728 2
129.N      121.906 1
129.HN       8.016 1
129.CA      54.200 1
129.HA       4.180 1
129.CB      40.200 1
129.HB2      1.530 2
129.HB1      1.610 2
129.CG      25.250 1
129.HG       1.590 1
129.CD1     23.400 2
129.HD11     0.880 2
129.CD2     21.600 2
129.HD21     0.820 2
130.N      117.100 1
130.HN       8.200 1
130.CA      51.900 1
130.HA       4.600 1
130.CB      36.600 1
130.HB2      2.690 1
130.HB1      2.690 1
130.ND2    112.500 1
130.HD21     6.890 2
130.HD22     7.610 2
131.N      118.600 1
131.HN       7.970 1
131.CA      54.318 1
131.HA       4.592 1
131.CB      28.650 1
131.HB2      2.990 2
131.HB1      3.060 2
132.N      125.250 1
132.HN       7.942 1
132.CA      55.734 1
132.HA       4.592 1
132.CB      28.714 1
132.HB2      3.062 1
132.HB1      3.062 1
