{
  "components": {
    "schemas": {
      "BadGateway": {
        "additionalProperties": false,
        "description": "This response is reserved by Product Gateway.",
        "properties": {},
        "title": "BadGateway",
        "type": "object"
      },
      "BasicCompanyInfoRequest": {
        "properties": {
          "companyId": {
            "description": "The ID of the company",
            "examples": [
              "2464491-9"
            ],
            "title": "Company ID",
            "type": "string"
          }
        },
        "required": [
          "companyId"
        ],
        "title": "BasicCompanyInfoRequest",
        "type": "object"
      },
      "BasicCompanyInfoResponse": {
        "properties": {
          "companyForm": {
            "examples": [
              "LLC"
            ],
            "title": "The company form of the company",
            "type": "string"
          },
          "companyId": {
            "examples": [
              "2464491-9"
            ],
            "title": "ID of the company",
            "type": "string"
          },
          "name": {
            "examples": [
              "Digital Living International Oy"
            ],
            "title": "Name of the company",
            "type": "string"
          },
          "registrationDate": {
            "examples": [
              "2012-02-23"
            ],
            "title": "Date of registration for the company",
            "type": "string"
          }
        },
        "required": [
          "name",
          "companyId",
          "companyForm",
          "registrationDate"
        ],
        "title": "BasicCompanyInfoResponse",
        "type": "object"
      },
      "DataSourceError": {
        "additionalProperties": false,
        "properties": {
          "message": {
            "description": "Error description",
            "title": "Error message",
            "type": "string"
          },
          "type": {
            "description": "Error identifier",
            "title": "Error type",
            "type": "string"
          }
        },
        "required": [
          "type",
          "message"
        ],
        "title": "DataSourceError",
        "type": "object"
      },
      "DataSourceNotFound": {
        "additionalProperties": false,
        "description": "This response is reserved by Product Gateway.",
        "properties": {
          "message": {
            "default": "Data source not found",
            "description": "Error description",
            "title": "Error message",
            "type": "string"
          }
        },
        "title": "DataSourceNotFound",
        "type": "object"
      },
      "DoesNotConformToDefinition": {
        "additionalProperties": false,
        "description": "This response is reserved by Product Gateway.",
        "properties": {
          "data_source_status_code": {
            "description": "HTTP status code returned from the data source",
            "title": "Data source status code",
            "type": "integer"
          },
          "message": {
            "default": "Response from data source does not conform to definition",
            "title": "Message",
            "type": "string"
          }
        },
        "required": [
          "data_source_status_code"
        ],
        "title": "DoesNotConformToDefinition",
        "type": "object"
      },
      "Forbidden": {
        "additionalProperties": false,
        "properties": {
          "message": {
            "description": "Error description",
            "title": "Error message",
            "type": "string"
          },
          "type": {
            "description": "Error identifier",
            "title": "Error type",
            "type": "string"
          }
        },
        "required": [
          "type",
          "message"
        ],
        "title": "Forbidden",
        "type": "object"
      },
      "GatewayTimeout": {
        "additionalProperties": false,
        "description": "This response is reserved by Product Gateway.",
        "properties": {
          "message": {
            "default": "",
            "description": "Error description",
            "title": "Error message",
            "type": "string"
          }
        },
        "title": "GatewayTimeout",
        "type": "object"
      },
      "NotFound": {
        "additionalProperties": false,
        "properties": {
          "message": {
            "description": "Error description",
            "title": "Error message",
            "type": "string"
          },
          "type": {
            "description": "Error identifier",
            "title": "Error type",
            "type": "string"
          }
        },
        "required": [
          "type",
          "message"
        ],
        "title": "NotFound",
        "type": "object"
      },
      "RateLimitExceeded": {
        "additionalProperties": false,
        "description": "This response is reserved by Product Gateway.",
        "properties": {
          "message": {
            "default": "Rate limit exceeded",
            "description": "Error description",
            "title": "Error message",
            "type": "string"
          }
        },
        "title": "RateLimitExceeded",
        "type": "object"
      },
      "ServiceUnavailable": {
        "additionalProperties": false,
        "description": "This response is reserved by Product Gateway.",
        "properties": {
          "message": {
            "default": "",
            "description": "Error description",
            "title": "Error message",
            "type": "string"
          }
        },
        "title": "ServiceUnavailable",
        "type": "object"
      },
      "Unauthorized": {
        "additionalProperties": false,
        "properties": {
          "message": {
            "description": "Error description",
            "title": "Error message",
            "type": "string"
          },
          "type": {
            "description": "Error identifier",
            "title": "Error type",
            "type": "string"
          }
        },
        "required": [
          "type",
          "message"
        ],
        "title": "Unauthorized",
        "type": "object"
      },
      "UnavailableForLegalReasonsResponse": {
        "properties": {
          "reasons": {
            "description": "The reason why the data is not available",
            "title": "Reason",
            "type": "string"
          }
        },
        "required": [
          "reasons"
        ],
        "title": "UnavailableForLegalReasonsResponse",
        "type": "object"
      }
    }
  },
  "info": {
    "description": "Legal information about a company such as registration address",
    "title": "Information about a company",
    "version": "1.0.0"
  },
  "openapi": "3.1.0",
  "paths": {
    "/Company/BasicInfo": {
      "post": {
        "description": "Legal information about a company such as registration address",
        "operationId": "request_Company_BasicInfo",
        "parameters": [
          {
            "description": "Optional consent token",
            "in": "header",
            "name": "x-consent-token",
            "required": false,
            "schema": {
              "default": "",
              "description": "Optional consent token",
              "title": "X-Consent-Token",
              "type": "string"
            }
          },
          {
            "description": "The login token. Value should be \"Bearer [token]\"",
            "in": "header",
            "name": "authorization",
            "required": false,
            "schema": {
              "default": "",
              "description": "The login token. Value should be \"Bearer [token]\"",
              "title": "Authorization",
              "type": "string"
            }
          },
          {
            "description": "The bare domain of the system that provided the token.",
            "in": "header",
            "name": "x-authorization-provider",
            "required": false,
            "schema": {
              "anyOf": [
                {
                  "type": "string"
                },
                {
                  "type": "null"
                }
              ],
              "description": "The bare domain of the system that provided the token.",
              "title": "X-Authorization-Provider"
            }
          },
          {
            "description": "API key or token",
            "in": "header",
            "name": "x-api-key",
            "required": false,
            "schema": {
              "anyOf": [
                {
                  "type": "string"
                },
                {
                  "type": "null"
                }
              ],
              "description": "API key or token",
              "title": "X-API-Key"
            }
          }
        ],
        "requestBody": {
          "content": {
            "application/json": {
              "schema": {
                "$ref": "#/components/schemas/BasicCompanyInfoRequest"
              }
            }
          },
          "required": true
        },
        "responses": {
          "200": {
            "content": {
              "application/json": {
                "schema": {
                  "$ref": "#/components/schemas/BasicCompanyInfoResponse"
                }
              }
            },
            "description": "Successful Response"
          },
          "401": {
            "content": {
              "application/json": {
                "schema": {
                  "$ref": "#/components/schemas/Unauthorized"
                }
              }
            },
            "description": "Unauthorized"
          },
          "403": {
            "content": {
              "application/json": {
                "schema": {
                  "$ref": "#/components/schemas/Forbidden"
                }
              }
            },
            "description": "Forbidden"
          },
          "404": {
            "content": {
              "application/json": {
                "schema": {
                  "$ref": "#/components/schemas/NotFound"
                }
              }
            },
            "description": "Not Found"
          },
          "422": {
            "content": {
              "application/json": {
                "schema": {
                  "$ref": "#/components/schemas/UnavailableForLegalReasonsResponse"
                }
              }
            },
            "description": "Unavailable for some legal reasons"
          },
          "429": {
            "content": {
              "application/json": {
                "schema": {
                  "$ref": "#/components/schemas/RateLimitExceeded"
                }
              }
            },
            "description": "Too Many Requests"
          },
          "444": {
            "content": {
              "application/json": {
                "schema": {
                  "$ref": "#/components/schemas/DataSourceNotFound"
                }
              }
            },
            "description": "Additional Response"
          },
          "500": {
            "content": {
              "application/json": {
                "schema": {
                  "$ref": "#/components/schemas/DataSourceError"
                }
              }
            },
            "description": "Internal Server Error"
          },
          "502": {
            "content": {
              "application/json": {
                "schema": {
                  "$ref": "#/components/schemas/BadGateway"
                }
              }
            },
            "description": "Bad Gateway"
          },
          "503": {
            "content": {
              "application/json": {
                "schema": {
                  "$ref": "#/components/schemas/ServiceUnavailable"
                }
              },
              "text/html": {},
              "text/plain": {}
            },
            "description": "Service Unavailable"
          },
          "504": {
            "content": {
              "application/json": {
                "schema": {
                  "$ref": "#/components/schemas/GatewayTimeout"
                }
              },
              "text/html": {},
              "text/plain": {}
            },
            "description": "Gateway Timeout"
          },
          "550": {
            "content": {
              "application/json": {
                "schema": {
                  "$ref": "#/components/schemas/DoesNotConformToDefinition"
                }
              }
            },
            "description": "Additional Response"
          }
        },
        "summary": "Information about a company"
      }
    }
  },
  "x-strict-validation": true
}
