---
source: src/tests/writer.rs
expression: handle
---
==================
Dumping index 0
Root: Metadata { dimensions: 30, items: RoaringBitmap<100 values between 0 and 99>, distance: "euclidean", entry_points: [65], max_level: 6 }
Version: Version { major: 0, minor: 0, patch: 6 }
Links 0: Links(Links { links: RoaringBitmap<[7]> })
Links 1: Links(Links { links: RoaringBitmap<[45, 62, 75]> })
Links 2: Links(Links { links: RoaringBitmap<[7, 62, 98]> })
Links 3: Links(Links { links: RoaringBitmap<[5, 21, 79]> })
Links 3: Links(Links { links: RoaringBitmap<[5, 79]> })
Links 3: Links(Links { links: RoaringBitmap<[65, 88, 98]> })
Links 3: Links(Links { links: RoaringBitmap<[65, 75]> })
Links 3: Links(Links { links: RoaringBitmap<[65, 75]> })
Links 4: Links(Links { links: RoaringBitmap<[56, 57, 94]> })
Links 4: Links(Links { links: RoaringBitmap<[56, 57, 94]> })
Links 5: Links(Links { links: RoaringBitmap<[3, 58, 88]> })
Links 5: Links(Links { links: RoaringBitmap<[3, 58, 88]> })
Links 6: Links(Links { links: RoaringBitmap<[21, 62]> })
Links 7: Links(Links { links: RoaringBitmap<[5, 57, 86]> })
Links 7: Links(Links { links: RoaringBitmap<[5, 57, 86]> })
Links 8: Links(Links { links: RoaringBitmap<[56, 75, 85]> })
Links 8: Links(Links { links: RoaringBitmap<[56, 75, 85]> })
Links 9: Links(Links { links: RoaringBitmap<[5, 79, 98]> })
Links 10: Links(Links { links: RoaringBitmap<[57, 62]> })
Links 11: Links(Links { links: RoaringBitmap<[7, 57, 62]> })
Links 12: Links(Links { links: RoaringBitmap<[56, 58]> })
Links 13: Links(Links { links: RoaringBitmap<[24, 45, 56]> })
Links 14: Links(Links { links: RoaringBitmap<[62, 75]> })
Links 14: Links(Links { links: RoaringBitmap<[62, 75]> })
Links 15: Links(Links { links: RoaringBitmap<[3, 58]> })
Links 16: Links(Links { links: RoaringBitmap<[5, 21, 24]> })
Links 17: Links(Links { links: RoaringBitmap<[62, 75, 79]> })
Links 17: Links(Links { links: RoaringBitmap<[62, 75, 79]> })
Links 18: Links(Links { links: RoaringBitmap<[56, 75, 79]> })
Links 19: Links(Links { links: RoaringBitmap<[45, 56, 75]> })
Links 19: Links(Links { links: RoaringBitmap<[45, 56, 75]> })
Links 20: Links(Links { links: RoaringBitmap<[24, 62, 75]> })
Links 21: Links(Links { links: RoaringBitmap<[3, 22, 86]> })
Links 22: Links(Links { links: RoaringBitmap<[24, 45, 59]> })
Links 22: Links(Links { links: RoaringBitmap<[24, 45, 59]> })
Links 22: Links(Links { links: RoaringBitmap<[45, 94]> })
Links 22: Links(Links { links: RoaringBitmap<[75, 94]> })
Links 23: Links(Links { links: RoaringBitmap<[3, 45, 58]> })
Links 24: Links(Links { links: RoaringBitmap<[22, 56, 94]> })
Links 24: Links(Links { links: RoaringBitmap<[22, 56, 94]> })
Links 25: Links(Links { links: RoaringBitmap<[5, 56, 62]> })
Links 26: Links(Links { links: RoaringBitmap<[3, 57, 88]> })
Links 26: Links(Links { links: RoaringBitmap<[3, 57, 88]> })
Links 27: Links(Links { links: RoaringBitmap<[3, 30, 65]> })
Links 28: Links(Links { links: RoaringBitmap<[75]> })
Links 28: Links(Links { links: RoaringBitmap<[75]> })
Links 28: Links(Links { links: RoaringBitmap<[75]> })
Links 28: Links(Links { links: RoaringBitmap<[75]> })
Links 29: Links(Links { links: RoaringBitmap<[7, 57]> })
Links 30: Links(Links { links: RoaringBitmap<[56, 62, 85]> })
Links 30: Links(Links { links: RoaringBitmap<[56, 62, 85]> })
Links 30: Links(Links { links: RoaringBitmap<[56, 85]> })
Links 31: Links(Links { links: RoaringBitmap<[7, 45, 59]> })
Links 32: Links(Links { links: RoaringBitmap<[57, 75, 79]> })
Links 33: Links(Links { links: RoaringBitmap<[56, 58, 88]> })
Links 34: Links(Links { links: RoaringBitmap<[59, 75, 86]> })
Links 35: Links(Links { links: RoaringBitmap<[57, 75, 98]> })
Links 35: Links(Links { links: RoaringBitmap<[57, 75, 98]> })
Links 36: Links(Links { links: RoaringBitmap<[56, 57]> })
Links 36: Links(Links { links: RoaringBitmap<[56, 57]> })
Links 37: Links(Links { links: RoaringBitmap<[22, 57, 98]> })
Links 37: Links(Links { links: RoaringBitmap<[22, 57, 98]> })
Links 38: Links(Links { links: RoaringBitmap<[57, 58, 88]> })
Links 39: Links(Links { links: RoaringBitmap<[56, 57, 62]> })
Links 40: Links(Links { links: RoaringBitmap<[5, 57]> })
Links 41: Links(Links { links: RoaringBitmap<[56, 98]> })
Links 41: Links(Links { links: RoaringBitmap<[56, 98]> })
Links 42: Links(Links { links: RoaringBitmap<[19, 45, 98]> })
Links 42: Links(Links { links: RoaringBitmap<[19, 45, 98]> })
Links 43: Links(Links { links: RoaringBitmap<[45, 58]> })
Links 44: Links(Links { links: RoaringBitmap<[5, 79]> })
Links 45: Links(Links { links: RoaringBitmap<[22, 56, 65]> })
Links 45: Links(Links { links: RoaringBitmap<[22, 56, 65]> })
Links 45: Links(Links { links: RoaringBitmap<[22, 56, 65]> })
Links 46: Links(Links { links: RoaringBitmap<[24, 30, 59]> })
Links 47: Links(Links { links: RoaringBitmap<[24, 79, 85]> })
Links 48: Links(Links { links: RoaringBitmap<[45, 58]> })
Links 49: Links(Links { links: RoaringBitmap<[47, 58, 88]> })
Links 50: Links(Links { links: RoaringBitmap<[45, 47, 58]> })
Links 51: Links(Links { links: RoaringBitmap<[45, 56, 57]> })
Links 52: Links(Links { links: RoaringBitmap<[22, 75, 85]> })
Links 53: Links(Links { links: RoaringBitmap<[57, 58, 75]> })
Links 53: Links(Links { links: RoaringBitmap<[57, 58, 75]> })
Links 54: Links(Links { links: RoaringBitmap<[3, 21, 94]> })
Links 55: Links(Links { links: RoaringBitmap<[7, 58, 62]> })
Links 56: Links(Links { links: RoaringBitmap<[30, 45, 94]> })
Links 56: Links(Links { links: RoaringBitmap<[30, 45, 94]> })
Links 56: Links(Links { links: RoaringBitmap<[30, 45, 94]> })
Links 57: Links(Links { links: RoaringBitmap<[3, 65, 85]> })
Links 57: Links(Links { links: RoaringBitmap<[3, 65, 85]> })
Links 57: Links(Links { links: RoaringBitmap<[3, 65, 85]> })
Links 58: Links(Links { links: RoaringBitmap<[22, 57, 75]> })
Links 58: Links(Links { links: RoaringBitmap<[22, 57, 75]> })
Links 58: Links(Links { links: RoaringBitmap<[22, 57, 75]> })
Links 59: Links(Links { links: RoaringBitmap<[5, 22, 56]> })
Links 59: Links(Links { links: RoaringBitmap<[5, 22, 56]> })
Links 60: Links(Links { links: RoaringBitmap<[59, 85, 88]> })
Links 61: Links(Links { links: RoaringBitmap<[24, 56, 57]> })
Links 62: Links(Links { links: RoaringBitmap<[3, 5, 30]> })
Links 62: Links(Links { links: RoaringBitmap<[3, 5, 30]> })
Links 63: Links(Links { links: RoaringBitmap<[45, 58, 65]> })
Links 64: Links(Links { links: RoaringBitmap<[19, 56, 57]> })
Links 65: Links(Links { links: RoaringBitmap<[3, 45, 85]> })
Links 65: Links(Links { links: RoaringBitmap<[3, 45, 85]> })
Links 65: Links(Links { links: RoaringBitmap<[3, 45, 85]> })
Links 65: Links(Links { links: RoaringBitmap<[3, 85]> })
Links 65: Links(Links { links: RoaringBitmap<[3, 75, 85]> })
Links 65: Links(Links { links: RoaringBitmap<[75, 85]> })
Links 65: Links(Links { links: RoaringBitmap<[]> })
Links 66: Links(Links { links: RoaringBitmap<[30, 45, 62]> })
Links 67: Links(Links { links: RoaringBitmap<[5, 45, 94]> })
Links 68: Links(Links { links: RoaringBitmap<[21, 57, 86]> })
Links 69: Links(Links { links: RoaringBitmap<[3, 88, 94]> })
Links 70: Links(Links { links: RoaringBitmap<[7, 57, 65]> })
Links 71: Links(Links { links: RoaringBitmap<[5, 21, 22]> })
Links 72: Links(Links { links: RoaringBitmap<[19, 30, 56]> })
Links 73: Links(Links { links: RoaringBitmap<[24, 57, 62]> })
Links 74: Links(Links { links: RoaringBitmap<[62, 75, 86]> })
Links 75: Links(Links { links: RoaringBitmap<[19, 58, 88]> })
Links 75: Links(Links { links: RoaringBitmap<[19, 58, 88]> })
Links 75: Links(Links { links: RoaringBitmap<[58, 88]> })
Links 75: Links(Links { links: RoaringBitmap<[3, 22, 94]> })
Links 75: Links(Links { links: RoaringBitmap<[3, 65]> })
Links 75: Links(Links { links: RoaringBitmap<[65]> })
Links 76: Links(Links { links: RoaringBitmap<[19, 58]> })
Links 77: Links(Links { links: RoaringBitmap<[3, 59, 85]> })
Links 78: Links(Links { links: RoaringBitmap<[56, 85]> })
Links 78: Links(Links { links: RoaringBitmap<[56, 85]> })
Links 78: Links(Links { links: RoaringBitmap<[56, 85]> })
Links 79: Links(Links { links: RoaringBitmap<[3, 58, 88]> })
Links 79: Links(Links { links: RoaringBitmap<[3, 58, 88]> })
Links 80: Links(Links { links: RoaringBitmap<[22, 45, 58]> })
Links 81: Links(Links { links: RoaringBitmap<[5, 57, 75]> })
Links 81: Links(Links { links: RoaringBitmap<[5, 57, 75]> })
Links 82: Links(Links { links: RoaringBitmap<[58, 85]> })
Links 83: Links(Links { links: RoaringBitmap<[5, 24, 58]> })
Links 84: Links(Links { links: RoaringBitmap<[5, 58, 88]> })
Links 85: Links(Links { links: RoaringBitmap<[30, 57, 60]> })
Links 85: Links(Links { links: RoaringBitmap<[30, 57]> })
Links 85: Links(Links { links: RoaringBitmap<[30, 57, 86]> })
Links 85: Links(Links { links: RoaringBitmap<[65]> })
Links 85: Links(Links { links: RoaringBitmap<[65]> })
Links 85: Links(Links { links: RoaringBitmap<[65]> })
Links 86: Links(Links { links: RoaringBitmap<[7, 21, 85]> })
Links 86: Links(Links { links: RoaringBitmap<[7, 75, 85]> })
Links 86: Links(Links { links: RoaringBitmap<[75, 85]> })
Links 87: Links(Links { links: RoaringBitmap<[5, 24, 57]> })
Links 88: Links(Links { links: RoaringBitmap<[3, 75, 94]> })
Links 88: Links(Links { links: RoaringBitmap<[3, 75, 94]> })
Links 88: Links(Links { links: RoaringBitmap<[3, 75, 94]> })
Links 89: Links(Links { links: RoaringBitmap<[7, 45, 57]> })
Links 90: Links(Links { links: RoaringBitmap<[57, 62, 75]> })
Links 91: Links(Links { links: RoaringBitmap<[19, 62, 86]> })
Links 92: Links(Links { links: RoaringBitmap<[45, 59, 88]> })
Links 92: Links(Links { links: RoaringBitmap<[45, 59, 88]> })
Links 93: Links(Links { links: RoaringBitmap<[22, 56, 62]> })
Links 94: Links(Links { links: RoaringBitmap<[22, 65, 75]> })
Links 94: Links(Links { links: RoaringBitmap<[22, 65, 75]> })
Links 94: Links(Links { links: RoaringBitmap<[22, 65, 75]> })
Links 94: Links(Links { links: RoaringBitmap<[22, 65, 75]> })
Links 95: Links(Links { links: RoaringBitmap<[57, 58, 79]> })
Links 96: Links(Links { links: RoaringBitmap<[3, 7]> })
Links 97: Links(Links { links: RoaringBitmap<[7, 24, 65]> })
Links 98: Links(Links { links: RoaringBitmap<[3, 35, 41]> })
Links 98: Links(Links { links: RoaringBitmap<[3, 35, 41]> })
Links 98: Links(Links { links: RoaringBitmap<[3, 75]> })
Links 99: Links(Links { links: RoaringBitmap<[7, 21, 75]> })
Item 0: Item(Item { header: NodeHeaderEuclidean { bias: "0.0000" }, vector: [0.8013, 0.2371, 0.6955, 0.8606, 0.5280, 0.2667, 0.6057, 0.9830, 0.9430, 0.0479, "other ..."] })
Item 1: Item(Item { header: NodeHeaderEuclidean { bias: "0.0000" }, vector: [0.4199, 0.2620, 0.2655, 0.8414, 0.0192, 0.3828, 0.2561, 0.2692, 0.0368, 0.4624, "other ..."] })
Item 2: Item(Item { header: NodeHeaderEuclidean { bias: "0.0000" }, vector: [0.1040, 0.9647, 0.8238, 0.5344, 0.4903, 0.4420, 0.7937, 0.4028, 0.2083, 0.3315, "other ..."] })
Item 3: Item(Item { header: NodeHeaderEuclidean { bias: "0.0000" }, vector: [0.0001, 0.7870, 0.9674, 0.4568, 0.5250, 0.2701, 0.2417, 0.8742, 0.6869, 0.8759, "other ..."] })
Item 4: Item(Item { header: NodeHeaderEuclidean { bias: "0.0000" }, vector: [0.8616, 0.3239, 0.5030, 0.3022, 0.8817, 0.3255, 0.9170, 0.9928, 0.3439, 0.0860, "other ..."] })
Item 5: Item(Item { header: NodeHeaderEuclidean { bias: "0.0000" }, vector: [0.0850, 0.7778, 0.8818, 0.3427, 0.1293, 0.7240, 0.4773, 0.2871, 0.3988, 0.4014, "other ..."] })
Item 6: Item(Item { header: NodeHeaderEuclidean { bias: "0.0000" }, vector: [0.8761, 0.9344, 0.8748, 0.9176, 0.4249, 0.1069, 0.0392, 0.1024, 0.9981, 0.7313, "other ..."] })
Item 7: Item(Item { header: NodeHeaderEuclidean { bias: "0.0000" }, vector: [0.5699, 0.5919, 0.7788, 0.3705, 0.3807, 0.1708, 0.3678, 0.5629, 0.0612, 0.4826, "other ..."] })
Item 8: Item(Item { header: NodeHeaderEuclidean { bias: "0.0000" }, vector: [0.9520, 0.3982, 0.4226, 0.7733, 0.5495, 0.2244, 0.7816, 0.2531, 0.6199, 0.1072, "other ..."] })
Item 9: Item(Item { header: NodeHeaderEuclidean { bias: "0.0000" }, vector: [0.8134, 0.9647, 0.6640, 0.4464, 0.7439, 0.6904, 0.3159, 0.7607, 0.3483, 0.9963, "other ..."] })
Item 10: Item(Item { header: NodeHeaderEuclidean { bias: "0.0000" }, vector: [0.0050, 0.0899, 0.0005, 0.4564, 0.8086, 0.0683, 0.5358, 0.2569, 0.1496, 0.6153, "other ..."] })
Item 11: Item(Item { header: NodeHeaderEuclidean { bias: "0.0000" }, vector: [0.6560, 0.2343, 0.4079, 0.5972, 0.5766, 0.6739, 0.2985, 0.6167, 0.4834, 0.2818, "other ..."] })
Item 12: Item(Item { header: NodeHeaderEuclidean { bias: "0.0000" }, vector: [0.2447, 0.1475, 0.7740, 0.4535, 0.7574, 0.0332, 0.5334, 0.6643, 0.1125, 0.4113, "other ..."] })
Item 13: Item(Item { header: NodeHeaderEuclidean { bias: "0.0000" }, vector: [0.1726, 0.7399, 0.0271, 0.8721, 0.8725, 0.4023, 0.1558, 0.1044, 0.2096, 0.2081, "other ..."] })
Item 14: Item(Item { header: NodeHeaderEuclidean { bias: "0.0000" }, vector: [0.4818, 0.7828, 0.7237, 0.2860, 0.0901, 0.4310, 0.0837, 0.7802, 0.8863, 0.1804, "other ..."] })
Item 15: Item(Item { header: NodeHeaderEuclidean { bias: "0.0000" }, vector: [0.6031, 0.2970, 0.9485, 0.0272, 0.4336, 0.1339, 0.2209, 0.8350, 0.2566, 0.9481, "other ..."] })
Item 16: Item(Item { header: NodeHeaderEuclidean { bias: "0.0000" }, vector: [0.4348, 0.7310, 0.5390, 0.4001, 0.3141, 0.8369, 0.4671, 0.1519, 0.5237, 0.1241, "other ..."] })
Item 17: Item(Item { header: NodeHeaderEuclidean { bias: "0.0000" }, vector: [0.0819, 0.5362, 0.8215, 0.2263, 0.3109, 0.2738, 0.6133, 0.5147, 0.9334, 0.9877, "other ..."] })
Item 18: Item(Item { header: NodeHeaderEuclidean { bias: "0.0000" }, vector: [0.5407, 0.5762, 0.7453, 0.1027, 0.5595, 0.5039, 0.8272, 0.9763, 0.9918, 0.1477, "other ..."] })
Item 19: Item(Item { header: NodeHeaderEuclidean { bias: "0.0000" }, vector: [0.1390, 0.7531, 0.3249, 0.8754, 0.9984, 0.7362, 0.0281, 0.2016, 0.9443, 0.1989, "other ..."] })
Item 20: Item(Item { header: NodeHeaderEuclidean { bias: "0.0000" }, vector: [0.9335, 0.4981, 0.2509, 0.4837, 0.1620, 0.1082, 0.0741, 0.0183, 0.5846, 0.5706, "other ..."] })
Item 21: Item(Item { header: NodeHeaderEuclidean { bias: "0.0000" }, vector: [0.6252, 0.9240, 0.7227, 0.6810, 0.2563, 0.3321, 0.2283, 0.9226, 0.8494, 0.0356, "other ..."] })
Item 22: Item(Item { header: NodeHeaderEuclidean { bias: "0.0000" }, vector: [0.9798, 0.5036, 0.8106, 0.3013, 0.1513, 0.2881, 0.4811, 0.6230, 0.1926, 0.0604, "other ..."] })
Item 23: Item(Item { header: NodeHeaderEuclidean { bias: "0.0000" }, vector: [0.9915, 0.6886, 0.1976, 0.1725, 0.6776, 0.1356, 0.3842, 0.4424, 0.6939, 0.8016, "other ..."] })
Item 24: Item(Item { header: NodeHeaderEuclidean { bias: "0.0000" }, vector: [0.2392, 0.8345, 0.1999, 0.5550, 0.2999, 0.8526, 0.2634, 0.0980, 0.1580, 0.5939, "other ..."] })
Item 25: Item(Item { header: NodeHeaderEuclidean { bias: "0.0000" }, vector: [0.0116, 0.5323, 0.3940, 0.1382, 0.1987, 0.7287, 0.4026, 0.1442, 0.5957, 0.0340, "other ..."] })
Item 26: Item(Item { header: NodeHeaderEuclidean { bias: "0.0000" }, vector: [0.3722, 0.7760, 0.6038, 0.9467, 0.4463, 0.6653, 0.5265, 0.1535, 0.8139, 0.9773, "other ..."] })
Item 27: Item(Item { header: NodeHeaderEuclidean { bias: "0.0000" }, vector: [0.3569, 0.9070, 0.8412, 0.3201, 0.6998, 0.8674, 0.5494, 0.2322, 0.2969, 0.9787, "other ..."] })
Item 28: Item(Item { header: NodeHeaderEuclidean { bias: "0.0000" }, vector: [0.8309, 0.4235, 0.2111, 0.9452, 0.9005, 0.0275, 0.1471, 0.2638, 0.2873, 0.2079, "other ..."] })
Item 29: Item(Item { header: NodeHeaderEuclidean { bias: "0.0000" }, vector: [0.6021, 0.0690, 0.1080, 0.2535, 0.6817, 0.7899, 0.3297, 0.8656, 0.1566, 0.3560, "other ..."] })
Item 30: Item(Item { header: NodeHeaderEuclidean { bias: "0.0000" }, vector: [0.5015, 0.9497, 0.6473, 0.1317, 0.4497, 0.9958, 0.1906, 0.0105, 0.2717, 0.2399, "other ..."] })
Item 31: Item(Item { header: NodeHeaderEuclidean { bias: "0.0000" }, vector: [0.7584, 0.3448, 0.7315, 0.5405, 0.6797, 0.3253, 0.8611, 0.0846, 0.0174, 0.0882, "other ..."] })
Item 32: Item(Item { header: NodeHeaderEuclidean { bias: "0.0000" }, vector: [0.3037, 0.1721, 0.4483, 0.7763, 0.2161, 0.2408, 0.7451, 0.7175, 0.6738, 0.0753, "other ..."] })
Item 33: Item(Item { header: NodeHeaderEuclidean { bias: "0.0000" }, vector: [0.3494, 0.5787, 0.8027, 0.9625, 0.5944, 0.6781, 0.4204, 0.5899, 0.0209, 0.9001, "other ..."] })
Item 34: Item(Item { header: NodeHeaderEuclidean { bias: "0.0000" }, vector: [0.8829, 0.2487, 0.4700, 0.7563, 0.1986, 0.8682, 0.1629, 0.1449, 0.2589, 0.0392, "other ..."] })
Item 35: Item(Item { header: NodeHeaderEuclidean { bias: "0.0000" }, vector: [0.3281, 0.1178, 0.0533, 0.4172, 0.3990, 0.0395, 0.8533, 0.1435, 0.9799, 0.4063, "other ..."] })
Item 36: Item(Item { header: NodeHeaderEuclidean { bias: "0.0000" }, vector: [0.8020, 0.7339, 0.9494, 0.9035, 0.2586, 0.5700, 0.6807, 0.1325, 0.1968, 0.5123, "other ..."] })
Item 37: Item(Item { header: NodeHeaderEuclidean { bias: "0.0000" }, vector: [0.6603, 0.3675, 0.1019, 0.2193, 0.3180, 0.0591, 0.9934, 0.8583, 0.7473, 0.3644, "other ..."] })
Item 38: Item(Item { header: NodeHeaderEuclidean { bias: "0.0000" }, vector: [0.0262, 0.7409, 0.1552, 0.9316, 0.1472, 0.6711, 0.8818, 0.6288, 0.1830, 0.8944, "other ..."] })
Item 39: Item(Item { header: NodeHeaderEuclidean { bias: "0.0000" }, vector: [0.4498, 0.4107, 0.9992, 0.3928, 0.4779, 0.4661, 0.1282, 0.8140, 0.7490, 0.5641, "other ..."] })
Item 40: Item(Item { header: NodeHeaderEuclidean { bias: "0.0000" }, vector: [0.0779, 0.2777, 0.8682, 0.3638, 0.1313, 0.7436, 0.0733, 0.0458, 0.8121, 0.2161, "other ..."] })
Item 41: Item(Item { header: NodeHeaderEuclidean { bias: "0.0000" }, vector: [0.7821, 0.0623, 0.1168, 0.3609, 0.6040, 0.8336, 0.0911, 0.2181, 0.7485, 0.0281, "other ..."] })
Item 42: Item(Item { header: NodeHeaderEuclidean { bias: "0.0000" }, vector: [0.2568, 0.4789, 0.6587, 0.7855, 0.9144, 0.3430, 0.0823, 0.2256, 0.8146, 0.2751, "other ..."] })
Item 43: Item(Item { header: NodeHeaderEuclidean { bias: "0.0000" }, vector: [0.8608, 0.8689, 0.4918, 0.2239, 0.9291, 0.0622, 0.6843, 0.4184, 0.4703, 0.3202, "other ..."] })
Item 44: Item(Item { header: NodeHeaderEuclidean { bias: "0.0000" }, vector: [0.6144, 0.5794, 0.3617, 0.7858, 0.8199, 0.8128, 0.0766, 0.6796, 0.2179, 0.3666, "other ..."] })
Item 45: Item(Item { header: NodeHeaderEuclidean { bias: "0.0000" }, vector: [0.9838, 0.4742, 0.5307, 0.6989, 0.9323, 0.2140, 0.1371, 0.1113, 0.0322, 0.3001, "other ..."] })
Item 46: Item(Item { header: NodeHeaderEuclidean { bias: "0.0000" }, vector: [0.9427, 0.5559, 0.3745, 0.7126, 0.6987, 0.9411, 0.1747, 0.2418, 0.5506, 0.2967, "other ..."] })
Item 47: Item(Item { header: NodeHeaderEuclidean { bias: "0.0000" }, vector: [0.4506, 0.8658, 0.1164, 0.2339, 0.2266, 0.9050, 0.5849, 0.9792, 0.5951, 0.7706, "other ..."] })
Item 48: Item(Item { header: NodeHeaderEuclidean { bias: "0.0000" }, vector: [0.5565, 0.1465, 0.0304, 0.5234, 0.3295, 0.7092, 0.4073, 0.1632, 0.1200, 0.2177, "other ..."] })
Item 49: Item(Item { header: NodeHeaderEuclidean { bias: "0.0000" }, vector: [0.1322, 0.0670, 0.3404, 0.5339, 0.0229, 0.5964, 0.5497, 0.3819, 0.6553, 0.7129, "other ..."] })
Item 50: Item(Item { header: NodeHeaderEuclidean { bias: "0.0000" }, vector: [0.3692, 0.5773, 0.3161, 0.6517, 0.8682, 0.3599, 0.3781, 0.9383, 0.2134, 0.4018, "other ..."] })
Item 51: Item(Item { header: NodeHeaderEuclidean { bias: "0.0000" }, vector: [0.3643, 0.3282, 0.2580, 0.4477, 0.5920, 0.3581, 0.3502, 0.2441, 0.1707, 0.1243, "other ..."] })
Item 52: Item(Item { header: NodeHeaderEuclidean { bias: "0.0000" }, vector: [0.8903, 0.8028, 0.1029, 0.2941, 0.2599, 0.0219, 0.1355, 0.5165, 0.8002, 0.3078, "other ..."] })
Item 53: Item(Item { header: NodeHeaderEuclidean { bias: "0.0000" }, vector: [0.5928, 0.6267, 0.1717, 0.1604, 0.6506, 0.0302, 0.8289, 0.5930, 0.9304, 0.6067, "other ..."] })
Item 54: Item(Item { header: NodeHeaderEuclidean { bias: "0.0000" }, vector: [0.2889, 0.9493, 0.8938, 0.7127, 0.4381, 0.0183, 0.8352, 0.3095, 0.4705, 0.2917, "other ..."] })
Item 55: Item(Item { header: NodeHeaderEuclidean { bias: "0.0000" }, vector: [0.6095, 0.6335, 0.4740, 0.0746, 0.3871, 0.1016, 0.6414, 0.3076, 0.5484, 0.7602, "other ..."] })
Item 56: Item(Item { header: NodeHeaderEuclidean { bias: "0.0000" }, vector: [0.5139, 0.5344, 0.7468, 0.8617, 0.5994, 0.9846, 0.2361, 0.3984, 0.5078, 0.0666, "other ..."] })
Item 57: Item(Item { header: NodeHeaderEuclidean { bias: "0.0000" }, vector: [0.1524, 0.3441, 0.2368, 0.4350, 0.5328, 0.3005, 0.7021, 0.3614, 0.6369, 0.7984, "other ..."] })
Item 58: Item(Item { header: NodeHeaderEuclidean { bias: "0.0000" }, vector: [0.6107, 0.3400, 0.5636, 0.3807, 0.7145, 0.4766, 0.5889, 0.5437, 0.2690, 0.7633, "other ..."] })
Item 59: Item(Item { header: NodeHeaderEuclidean { bias: "0.0000" }, vector: [0.6227, 0.1202, 0.9715, 0.3936, 0.3423, 0.7479, 0.6526, 0.1867, 0.5568, 0.0922, "other ..."] })
Item 60: Item(Item { header: NodeHeaderEuclidean { bias: "0.0000" }, vector: [0.1100, 0.1244, 0.0460, 0.6082, 0.1978, 0.9696, 0.9862, 0.1179, 0.9388, 0.2901, "other ..."] })
Item 61: Item(Item { header: NodeHeaderEuclidean { bias: "0.0000" }, vector: [0.1347, 0.7000, 0.0530, 0.4959, 0.8227, 0.9831, 0.5433, 0.5201, 0.7924, 0.3847, "other ..."] })
Item 62: Item(Item { header: NodeHeaderEuclidean { bias: "0.0000" }, vector: [0.1364, 0.8633, 0.9297, 0.6135, 0.2317, 0.4359, 0.2391, 0.3977, 0.5448, 0.5308, "other ..."] })
Item 63: Item(Item { header: NodeHeaderEuclidean { bias: "0.0000" }, vector: [0.9221, 0.3578, 0.3207, 0.9945, 0.9288, 0.4608, 0.3001, 0.0296, 0.4678, 0.7422, "other ..."] })
Item 64: Item(Item { header: NodeHeaderEuclidean { bias: "0.0000" }, vector: [0.4806, 0.3718, 0.0560, 0.5007, 0.9558, 0.4234, 0.8126, 0.4764, 0.4901, 0.6482, "other ..."] })
Item 65: Item(Item { header: NodeHeaderEuclidean { bias: "0.0000" }, vector: [0.5677, 0.1247, 0.4928, 0.4097, 0.8433, 0.9238, 0.7848, 0.4437, 0.4696, 0.9886, "other ..."] })
Item 66: Item(Item { header: NodeHeaderEuclidean { bias: "0.0000" }, vector: [0.6083, 0.8526, 0.7679, 0.5156, 0.8480, 0.2792, 0.3200, 0.0453, 0.2084, 0.4759, "other ..."] })
Item 67: Item(Item { header: NodeHeaderEuclidean { bias: "0.0000" }, vector: [0.5299, 0.5421, 0.8194, 0.1018, 0.5426, 0.9350, 0.3228, 0.7979, 0.7473, 0.1118, "other ..."] })
Item 68: Item(Item { header: NodeHeaderEuclidean { bias: "0.0000" }, vector: [0.2676, 0.9678, 0.0177, 0.3344, 0.6398, 0.0680, 0.6478, 0.0822, 0.8348, 0.7480, "other ..."] })
Item 69: Item(Item { header: NodeHeaderEuclidean { bias: "0.0000" }, vector: [0.6163, 0.7762, 0.4365, 0.6713, 0.5647, 0.3449, 0.6615, 0.9430, 0.5941, 0.3563, "other ..."] })
Item 70: Item(Item { header: NodeHeaderEuclidean { bias: "0.0000" }, vector: [0.2508, 0.2228, 0.0580, 0.2005, 0.3293, 0.6717, 0.7376, 0.4489, 0.1877, 0.7376, "other ..."] })
Item 71: Item(Item { header: NodeHeaderEuclidean { bias: "0.0000" }, vector: [0.6478, 0.9371, 0.2378, 0.4279, 0.1400, 0.2146, 0.3193, 0.7330, 0.7932, 0.7295, "other ..."] })
Item 72: Item(Item { header: NodeHeaderEuclidean { bias: "0.0000" }, vector: [0.3637, 0.8624, 0.6657, 0.4426, 0.9055, 0.7527, 0.3679, 0.4067, 0.8130, 0.2441, "other ..."] })
Item 73: Item(Item { header: NodeHeaderEuclidean { bias: "0.0000" }, vector: [0.4640, 0.7218, 0.0154, 0.0829, 0.4829, 0.5139, 0.4344, 0.5872, 0.2770, 0.3745, "other ..."] })
Item 74: Item(Item { header: NodeHeaderEuclidean { bias: "0.0000" }, vector: [0.5250, 0.1137, 0.4081, 0.2765, 0.1755, 0.3861, 0.7862, 0.8678, 0.3681, 0.1279, "other ..."] })
Item 75: Item(Item { header: NodeHeaderEuclidean { bias: "0.0000" }, vector: [0.3639, 0.3210, 0.3718, 0.7818, 0.6264, 0.2524, 0.6018, 0.4059, 0.9744, 0.3568, "other ..."] })
Item 76: Item(Item { header: NodeHeaderEuclidean { bias: "0.0000" }, vector: [0.5349, 0.5286, 0.2229, 0.8101, 0.6677, 0.9457, 0.9903, 0.6100, 0.3207, 0.0250, "other ..."] })
Item 77: Item(Item { header: NodeHeaderEuclidean { bias: "0.0000" }, vector: [0.6003, 0.7202, 0.3803, 0.5052, 0.4006, 0.6708, 0.0438, 0.8432, 0.8772, 0.6849, "other ..."] })
Item 78: Item(Item { header: NodeHeaderEuclidean { bias: "0.0000" }, vector: [0.7850, 0.8396, 0.1563, 0.0331, 0.3667, 0.6701, 0.5455, 0.2239, 0.8733, 0.0339, "other ..."] })
Item 79: Item(Item { header: NodeHeaderEuclidean { bias: "0.0000" }, vector: [0.8093, 0.7442, 0.3738, 0.9164, 0.5923, 0.7353, 0.5379, 0.6815, 0.5925, 0.7954, "other ..."] })
Item 80: Item(Item { header: NodeHeaderEuclidean { bias: "0.0000" }, vector: [0.5135, 0.8836, 0.7895, 0.4037, 0.6198, 0.1685, 0.2186, 0.6238, 0.3219, 0.6977, "other ..."] })
Item 81: Item(Item { header: NodeHeaderEuclidean { bias: "0.0000" }, vector: [0.2370, 0.7334, 0.4755, 0.8921, 0.1448, 0.2971, 0.2116, 0.1124, 0.7297, 0.2965, "other ..."] })
Item 82: Item(Item { header: NodeHeaderEuclidean { bias: "0.0000" }, vector: [0.9034, 0.0318, 0.8865, 0.1217, 0.2441, 0.7340, 0.2467, 0.2411, 0.7661, 0.5926, "other ..."] })
Item 83: Item(Item { header: NodeHeaderEuclidean { bias: "0.0000" }, vector: [0.3071, 0.2166, 0.0566, 0.5153, 0.8628, 0.9601, 0.6390, 0.4052, 0.2759, 0.4989, "other ..."] })
Item 84: Item(Item { header: NodeHeaderEuclidean { bias: "0.0000" }, vector: [0.2057, 0.2311, 0.9211, 0.3561, 0.6051, 0.3712, 0.7174, 0.4273, 0.7494, 0.1833, "other ..."] })
Item 85: Item(Item { header: NodeHeaderEuclidean { bias: "0.0000" }, vector: [0.4718, 0.3682, 0.4350, 0.3129, 0.1289, 0.7526, 0.8249, 0.5640, 0.9296, 0.8479, "other ..."] })
Item 86: Item(Item { header: NodeHeaderEuclidean { bias: "0.0000" }, vector: [0.9871, 0.6448, 0.0883, 0.6999, 0.1526, 0.2259, 0.4263, 0.9240, 0.2756, 0.3507, "other ..."] })
Item 87: Item(Item { header: NodeHeaderEuclidean { bias: "0.0000" }, vector: [0.2909, 0.8867, 0.3238, 0.4342, 0.3491, 0.4305, 0.8452, 0.0936, 0.1220, 0.3452, "other ..."] })
Item 88: Item(Item { header: NodeHeaderEuclidean { bias: "0.0000" }, vector: [0.1525, 0.7012, 0.9764, 0.8845, 0.5382, 0.6827, 0.8005, 0.4046, 0.9374, 0.6809, "other ..."] })
Item 89: Item(Item { header: NodeHeaderEuclidean { bias: "0.0000" }, vector: [0.6270, 0.3774, 0.7874, 0.7272, 0.4240, 0.1508, 0.0360, 0.5710, 0.2254, 0.0950, "other ..."] })
Item 90: Item(Item { header: NodeHeaderEuclidean { bias: "0.0000" }, vector: [0.4082, 0.6284, 0.5104, 0.7905, 0.1476, 0.2033, 0.4106, 0.2252, 0.8351, 0.3193, "other ..."] })
Item 91: Item(Item { header: NodeHeaderEuclidean { bias: "0.0000" }, vector: [0.8560, 0.9670, 0.3969, 0.5008, 0.1567, 0.7420, 0.0072, 0.1891, 0.9690, 0.0387, "other ..."] })
Item 92: Item(Item { header: NodeHeaderEuclidean { bias: "0.0000" }, vector: [0.7990, 0.2114, 0.7110, 0.6670, 0.0472, 0.2463, 0.5026, 0.0325, 0.2475, 0.1461, "other ..."] })
Item 93: Item(Item { header: NodeHeaderEuclidean { bias: "0.0000" }, vector: [0.5034, 0.4728, 0.9950, 0.7630, 0.0154, 0.4453, 0.6893, 0.6996, 0.0246, 0.0245, "other ..."] })
Item 94: Item(Item { header: NodeHeaderEuclidean { bias: "0.0000" }, vector: [0.6522, 0.5475, 0.9462, 0.7139, 0.9925, 0.7899, 0.9753, 0.6984, 0.4501, 0.8380, "other ..."] })
Item 95: Item(Item { header: NodeHeaderEuclidean { bias: "0.0000" }, vector: [0.8157, 0.8688, 0.2659, 0.6080, 0.5274, 0.1883, 0.7562, 0.8511, 0.6928, 0.8151, "other ..."] })
Item 96: Item(Item { header: NodeHeaderEuclidean { bias: "0.0000" }, vector: [0.6829, 0.8851, 0.9375, 0.7638, 0.4942, 0.5561, 0.4220, 0.9060, 0.2907, 0.6102, "other ..."] })
Item 97: Item(Item { header: NodeHeaderEuclidean { bias: "0.0000" }, vector: [0.0850, 0.4087, 0.7257, 0.3157, 0.9526, 0.5290, 0.5818, 0.5460, 0.1906, 0.9422, "other ..."] })
Item 98: Item(Item { header: NodeHeaderEuclidean { bias: "0.0000" }, vector: [0.5644, 0.3510, 0.4506, 0.6384, 0.6324, 0.5511, 0.5272, 0.8371, 0.9137, 0.4253, "other ..."] })
Item 99: Item(Item { header: NodeHeaderEuclidean { bias: "0.0000" }, vector: [0.8320, 0.5156, 0.6172, 0.6617, 0.4999, 0.2464, 0.4536, 0.3265, 0.2163, 0.5406, "other ..."] })
