(Q2)Ca-N-HN(M)     54.608    122.899      8.907
(I3)Ca-N-HN(M)     55.057    115.127      8.318
(F4)Ca-N-HN(H)     59.599    118.730      8.614
(V5)Ca-N-HN(H)     55.142    121.424      9.307
(PR_38)Ca-N-HN     60.043    120.040      8.055
