(Q2)CA-N-HN(M)     55.215    122.899      8.907
(I3)CA-N-HN(M)     59.616    115.127      8.318
(F4)CA-N-HN(H)     55.138    118.730      8.614
(V5)CA-N-HN(H)     60.412    121.424      9.307
(PR_38)CA-N-HN     54.471    120.040      8.055
