(Q2)CA-N-HN(M)     55.215    122.899      8.907
(Q2)CB-N-HN(M)     30.606    122.899      8.907
(Q2)Ca-N-HN(M)     54.608    122.899      8.907
(Q2)Cb-N-HN(M)     33.279    122.899      8.907
(I3)CA-N-HN(M)     59.616    115.127      8.318
(I3)CB-N-HN(M)     42.025    115.127      8.318
(I3)Ca-N-HN(M)     55.057    115.127      8.318
(I3)Cb-N-HN(M)     30.582    115.127      8.318
(PR_38)CA-N-HN     54.471    120.040      8.055
(PR_38)Ca-N-HN     60.043    120.040      8.055
