  1.CA      52.000 1
  1.HA       4.220 1
  2.CG2     19.300 1
  2.HG21     0.814 1
  2.HG22     0.814 1
  3.N      125.058 1
