-7.500, -7.500, 0.000, 0.000
-2.500, -7.500, 0.000, 0.000
2.500, -7.500, 0.000, 0.000
7.500, -7.500, 0.000, 0.000
-7.500, -2.500, 0.000, 0.000
-2.500, -2.500, 0.000, 0.002
2.500, -2.500, 0.000, 0.002
7.500, -2.500, 0.000, 0.000
-7.500, 2.500, 0.000, 0.000
-2.500, 2.500, 0.000, 0.002
2.500, 2.500, 0.000, 0.002
7.500, 2.500, 0.000, 0.000
-7.500, 7.500, 0.000, 0.000
-2.500, 7.500, 0.000, 0.000
2.500, 7.500, 0.000, 0.000
7.500, 7.500, 0.000, 0.000
