x, y, z, value
0.500,0.500,1.000,1.000
1.500,0.500,1.000,2.000
0.500,1.500,1.000,3.000
1.500,1.500,1.000,4.000
0.500,0.500,3.000,5.000
1.500,0.500,3.000,6.000
0.500,1.500,3.000,6.000
1.500,1.500,3.000,6.000
