3
3
8
1
uds-0
(0.500
1.500
0.500
1.500
0.500
1.500
0.500
1.500
)
(0.500
0.500
1.500
1.500
0.500
0.500
1.500
1.500
)
(1.000
1.000
1.000
1.000
3.000
3.000
3.000
3.000
)
(1.000
2.000
3.000
4.000
5.000
6.000
6.000
6.000
)
