-25.000, -25.000, 0.000, 1.000
25.000, -25.000, 0.000, 9.000
-25.000, 25.000, 0.000, 4.000
25.000, 25.000, 0.000, 16.000
