---
source: src/tests/writer.rs
expression: handle
---
==================
Dumping index 0
Root: Metadata { dimensions: 30, items: RoaringBitmap<100 values between 0 and 99>, distance: "euclidean", entry_points: [65], max_level: 6 }
Version: Version { major: 0, minor: 0, patch: 8 }
Links 0: Links(Links { links: RoaringBitmap<[34, 79, 92]> })
Links 1: Links(Links { links: RoaringBitmap<[45, 62, 75]> })
Links 2: Links(Links { links: RoaringBitmap<[3, 7, 45]> })
Links 3: Links(Links { links: RoaringBitmap<[2, 21, 40]> })
Links 3: Links(Links { links: RoaringBitmap<[40]> })
Links 3: Links(Links { links: RoaringBitmap<[65, 68, 78]> })
Links 3: Links(Links { links: RoaringBitmap<[65, 75]> })
Links 3: Links(Links { links: RoaringBitmap<[65, 75]> })
Links 4: Links(Links { links: RoaringBitmap<[24, 70, 94]> })
Links 4: Links(Links { links: RoaringBitmap<[56, 57, 94]> })
Links 5: Links(Links { links: RoaringBitmap<[68, 70, 78]> })
Links 5: Links(Links { links: RoaringBitmap<[68, 70, 78]> })
Links 6: Links(Links { links: RoaringBitmap<[52, 58, 98]> })
Links 6: Links(Links { links: RoaringBitmap<[52, 58, 98]> })
Links 7: Links(Links { links: RoaringBitmap<[5, 86, 92]> })
Links 7: Links(Links { links: RoaringBitmap<[5, 86, 92]> })
Links 8: Links(Links { links: RoaringBitmap<[35, 57, 62]> })
Links 8: Links(Links { links: RoaringBitmap<[56, 75, 85]> })
Links 9: Links(Links { links: RoaringBitmap<[5, 79, 98]> })
Links 10: Links(Links { links: RoaringBitmap<[34, 57, 68]> })
Links 11: Links(Links { links: RoaringBitmap<[7, 57, 62]> })
Links 12: Links(Links { links: RoaringBitmap<[30, 90, 98]> })
Links 13: Links(Links { links: RoaringBitmap<[24, 45, 56]> })
Links 14: Links(Links { links: RoaringBitmap<[22, 30, 85]> })
Links 14: Links(Links { links: RoaringBitmap<[62, 75]> })
Links 15: Links(Links { links: RoaringBitmap<[3, 58]> })
Links 16: Links(Links { links: RoaringBitmap<[34, 94, 98]> })
Links 16: Links(Links { links: RoaringBitmap<[34, 94, 98]> })
Links 17: Links(Links { links: RoaringBitmap<[62, 75, 79]> })
Links 17: Links(Links { links: RoaringBitmap<[62, 75, 79]> })
Links 18: Links(Links { links: RoaringBitmap<[2, 34, 86]> })
Links 19: Links(Links { links: RoaringBitmap<[44, 45, 75]> })
Links 19: Links(Links { links: RoaringBitmap<[45, 56, 75]> })
Links 20: Links(Links { links: RoaringBitmap<[60, 62, 79]> })
Links 20: Links(Links { links: RoaringBitmap<[62, 79, 85]> })
Links 21: Links(Links { links: RoaringBitmap<[98]> })
Links 22: Links(Links { links: RoaringBitmap<[56, 59, 92]> })
Links 22: Links(Links { links: RoaringBitmap<[24, 45, 59]> })
Links 22: Links(Links { links: RoaringBitmap<[45, 94]> })
Links 22: Links(Links { links: RoaringBitmap<[75, 94]> })
Links 23: Links(Links { links: RoaringBitmap<[3, 45, 58]> })
Links 24: Links(Links { links: RoaringBitmap<[4, 79, 92]> })
Links 24: Links(Links { links: RoaringBitmap<[92]> })
Links 25: Links(Links { links: RoaringBitmap<[5, 56, 62]> })
Links 26: Links(Links { links: RoaringBitmap<[20, 40, 57]> })
Links 26: Links(Links { links: RoaringBitmap<[3, 57, 88]> })
Links 27: Links(Links { links: RoaringBitmap<[3, 30, 65]> })
Links 28: Links(Links { links: RoaringBitmap<[48, 52, 62]> })
Links 28: Links(Links { links: RoaringBitmap<[75]> })
Links 28: Links(Links { links: RoaringBitmap<[75]> })
Links 28: Links(Links { links: RoaringBitmap<[75]> })
Links 29: Links(Links { links: RoaringBitmap<[7, 57]> })
Links 30: Links(Links { links: RoaringBitmap<[46, 56, 62]> })
Links 30: Links(Links { links: RoaringBitmap<[46, 56, 62]> })
Links 30: Links(Links { links: RoaringBitmap<[56, 62]> })
Links 31: Links(Links { links: RoaringBitmap<[7, 45, 59]> })
Links 32: Links(Links { links: RoaringBitmap<[58, 88, 98]> })
Links 32: Links(Links { links: RoaringBitmap<[58, 88, 98]> })
Links 32: Links(Links { links: RoaringBitmap<[58, 88, 98]> })
Links 33: Links(Links { links: RoaringBitmap<[56, 58, 88]> })
Links 34: Links(Links { links: RoaringBitmap<[56, 57, 94]> })
Links 34: Links(Links { links: RoaringBitmap<[56, 57, 94]> })
Links 35: Links(Links { links: RoaringBitmap<[8, 64, 75]> })
Links 35: Links(Links { links: RoaringBitmap<[57, 64, 75]> })
Links 36: Links(Links { links: RoaringBitmap<[48, 70, 94]> })
Links 36: Links(Links { links: RoaringBitmap<[48, 70, 94]> })
Links 37: Links(Links { links: RoaringBitmap<[22, 57, 98]> })
Links 37: Links(Links { links: RoaringBitmap<[22, 57, 98]> })
Links 38: Links(Links { links: RoaringBitmap<[10, 34, 57]> })
Links 39: Links(Links { links: RoaringBitmap<[56, 57, 62]> })
Links 40: Links(Links { links: RoaringBitmap<[3, 60, 68]> })
Links 40: Links(Links { links: RoaringBitmap<[3, 68, 79]> })
Links 41: Links(Links { links: RoaringBitmap<[70, 98]> })
Links 41: Links(Links { links: RoaringBitmap<[70, 98]> })
Links 42: Links(Links { links: RoaringBitmap<[30, 59, 70]> })
Links 42: Links(Links { links: RoaringBitmap<[19, 45, 98]> })
Links 43: Links(Links { links: RoaringBitmap<[45, 58]> })
Links 44: Links(Links { links: RoaringBitmap<[19, 30, 66]> })
Links 45: Links(Links { links: RoaringBitmap<[2, 65, 68]> })
Links 45: Links(Links { links: RoaringBitmap<[65, 68]> })
Links 45: Links(Links { links: RoaringBitmap<[65, 68]> })
Links 46: Links(Links { links: RoaringBitmap<[30, 59, 75]> })
Links 46: Links(Links { links: RoaringBitmap<[30, 59, 75]> })
Links 47: Links(Links { links: RoaringBitmap<[24, 79, 85]> })
Links 48: Links(Links { links: RoaringBitmap<[57, 65, 68]> })
Links 48: Links(Links { links: RoaringBitmap<[57, 65, 68]> })
Links 49: Links(Links { links: RoaringBitmap<[47, 58, 88]> })
Links 50: Links(Links { links: RoaringBitmap<[5, 47, 85]> })
Links 51: Links(Links { links: RoaringBitmap<[45, 56, 57]> })
Links 52: Links(Links { links: RoaringBitmap<[62, 85, 90]> })
Links 52: Links(Links { links: RoaringBitmap<[62, 85, 90]> })
Links 53: Links(Links { links: RoaringBitmap<[57, 58, 75]> })
Links 53: Links(Links { links: RoaringBitmap<[57, 58, 75]> })
Links 54: Links(Links { links: RoaringBitmap<[46, 68, 70]> })
Links 54: Links(Links { links: RoaringBitmap<[46, 68, 70]> })
Links 55: Links(Links { links: RoaringBitmap<[7, 58, 62]> })
Links 56: Links(Links { links: RoaringBitmap<[30, 34, 88]> })
Links 56: Links(Links { links: RoaringBitmap<[30, 34, 88]> })
Links 56: Links(Links { links: RoaringBitmap<[30, 88, 90]> })
Links 57: Links(Links { links: RoaringBitmap<[10, 48, 85]> })
Links 57: Links(Links { links: RoaringBitmap<[34, 48, 85]> })
Links 57: Links(Links { links: RoaringBitmap<[3, 65, 85]> })
Links 58: Links(Links { links: RoaringBitmap<[32, 57, 68]> })
Links 58: Links(Links { links: RoaringBitmap<[32, 57, 68]> })
Links 58: Links(Links { links: RoaringBitmap<[32, 57, 68]> })
Links 59: Links(Links { links: RoaringBitmap<[5, 22, 46]> })
Links 59: Links(Links { links: RoaringBitmap<[5, 22, 46]> })
Links 60: Links(Links { links: RoaringBitmap<[5, 20, 40]> })
Links 61: Links(Links { links: RoaringBitmap<[24, 56, 57]> })
Links 62: Links(Links { links: RoaringBitmap<[7, 30, 70]> })
Links 62: Links(Links { links: RoaringBitmap<[7, 30, 70]> })
Links 62: Links(Links { links: RoaringBitmap<[30, 70, 86]> })
Links 62: Links(Links { links: RoaringBitmap<[75, 85]> })
Links 62: Links(Links { links: RoaringBitmap<[75, 85]> })
Links 62: Links(Links { links: RoaringBitmap<[75, 85]> })
Links 63: Links(Links { links: RoaringBitmap<[45, 58, 65]> })
Links 64: Links(Links { links: RoaringBitmap<[35, 94, 98]> })
Links 64: Links(Links { links: RoaringBitmap<[35, 94, 98]> })
Links 65: Links(Links { links: RoaringBitmap<[48, 85]> })
Links 65: Links(Links { links: RoaringBitmap<[48, 85]> })
Links 65: Links(Links { links: RoaringBitmap<[45, 57]> })
Links 65: Links(Links { links: RoaringBitmap<[3, 85]> })
Links 65: Links(Links { links: RoaringBitmap<[3, 85]> })
Links 65: Links(Links { links: RoaringBitmap<[75, 85]> })
Links 65: Links(Links { links: RoaringBitmap<[]> })
Links 66: Links(Links { links: RoaringBitmap<[68, 79, 88]> })
Links 67: Links(Links { links: RoaringBitmap<[5, 45, 94]> })
Links 68: Links(Links { links: RoaringBitmap<[5, 45, 58]> })
Links 68: Links(Links { links: RoaringBitmap<[5, 45, 58]> })
Links 68: Links(Links { links: RoaringBitmap<[3, 45, 58]> })
Links 69: Links(Links { links: RoaringBitmap<[3, 88, 94]> })
Links 70: Links(Links { links: RoaringBitmap<[5, 41, 62]> })
Links 70: Links(Links { links: RoaringBitmap<[5, 41, 62]> })
Links 70: Links(Links { links: RoaringBitmap<[62, 68, 94]> })
Links 71: Links(Links { links: RoaringBitmap<[5, 21, 22]> })
Links 72: Links(Links { links: RoaringBitmap<[24, 56, 68]> })
Links 72: Links(Links { links: RoaringBitmap<[24, 56, 68]> })
Links 73: Links(Links { links: RoaringBitmap<[24, 57, 62]> })
Links 74: Links(Links { links: RoaringBitmap<[22, 30, 34]> })
Links 75: Links(Links { links: RoaringBitmap<[19, 46, 94]> })
Links 75: Links(Links { links: RoaringBitmap<[19, 46, 94]> })
Links 75: Links(Links { links: RoaringBitmap<[58, 78]> })
Links 75: Links(Links { links: RoaringBitmap<[22, 62, 94]> })
Links 75: Links(Links { links: RoaringBitmap<[3, 62]> })
Links 75: Links(Links { links: RoaringBitmap<[62, 65]> })
Links 76: Links(Links { links: RoaringBitmap<[2, 48, 92]> })
Links 77: Links(Links { links: RoaringBitmap<[3, 59, 85]> })
Links 78: Links(Links { links: RoaringBitmap<[5, 32]> })
Links 78: Links(Links { links: RoaringBitmap<[5, 32]> })
Links 78: Links(Links { links: RoaringBitmap<[3, 75]> })
Links 79: Links(Links { links: RoaringBitmap<[3, 24, 66]> })
Links 79: Links(Links { links: RoaringBitmap<[20, 40]> })
Links 80: Links(Links { links: RoaringBitmap<[5, 46, 98]> })
Links 80: Links(Links { links: RoaringBitmap<[5, 46, 98]> })
Links 81: Links(Links { links: RoaringBitmap<[5, 57, 75]> })
Links 81: Links(Links { links: RoaringBitmap<[5, 57, 75]> })
Links 82: Links(Links { links: RoaringBitmap<[7, 88, 92]> })
Links 83: Links(Links { links: RoaringBitmap<[5, 24, 58]> })
Links 84: Links(Links { links: RoaringBitmap<[40, 56, 94]> })
Links 84: Links(Links { links: RoaringBitmap<[40, 56, 94]> })
Links 85: Links(Links { links: RoaringBitmap<[14, 50, 57]> })
Links 85: Links(Links { links: RoaringBitmap<[20, 52, 57]> })
Links 85: Links(Links { links: RoaringBitmap<[30, 57, 86]> })
Links 85: Links(Links { links: RoaringBitmap<[62, 65]> })
Links 85: Links(Links { links: RoaringBitmap<[62, 65]> })
Links 85: Links(Links { links: RoaringBitmap<[62, 65]> })
Links 86: Links(Links { links: RoaringBitmap<[40, 56]> })
Links 86: Links(Links { links: RoaringBitmap<[7, 75, 85]> })
Links 86: Links(Links { links: RoaringBitmap<[75]> })
Links 87: Links(Links { links: RoaringBitmap<[5, 24, 57]> })
Links 88: Links(Links { links: RoaringBitmap<[56, 82]> })
Links 88: Links(Links { links: RoaringBitmap<[32, 56]> })
Links 88: Links(Links { links: RoaringBitmap<[32, 56]> })
Links 89: Links(Links { links: RoaringBitmap<[7, 45, 57]> })
Links 90: Links(Links { links: RoaringBitmap<[7, 21, 35]> })
Links 90: Links(Links { links: RoaringBitmap<[7, 35, 52]> })
Links 90: Links(Links { links: RoaringBitmap<[32, 56]> })
Links 91: Links(Links { links: RoaringBitmap<[19, 62, 86]> })
Links 92: Links(Links { links: RoaringBitmap<[7, 24, 46]> })
Links 92: Links(Links { links: RoaringBitmap<[7, 24, 46]> })
Links 93: Links(Links { links: RoaringBitmap<[22, 56, 62]> })
Links 94: Links(Links { links: RoaringBitmap<[16, 36, 75]> })
Links 94: Links(Links { links: RoaringBitmap<[16, 36, 75]> })
Links 94: Links(Links { links: RoaringBitmap<[70, 75]> })
Links 94: Links(Links { links: RoaringBitmap<[22, 65, 75]> })
Links 95: Links(Links { links: RoaringBitmap<[57, 58, 79]> })
Links 96: Links(Links { links: RoaringBitmap<[4, 32, 88]> })
Links 97: Links(Links { links: RoaringBitmap<[7, 24, 65]> })
Links 98: Links(Links { links: RoaringBitmap<[6, 32, 64]> })
Links 98: Links(Links { links: RoaringBitmap<[6, 32, 64]> })
Links 98: Links(Links { links: RoaringBitmap<[3, 32, 75]> })
Links 99: Links(Links { links: RoaringBitmap<[7, 21, 75]> })
Item 0: Item(Item { header: NodeHeaderEuclidean { bias: "0.0000" }, vector: [0.3437, 0.4589, 0.1810, 0.1655, 0.1075, 0.3601, 0.5140, 0.5744, 0.3271, 0.1997, "other ..."] })
Item 1: Item(Item { header: NodeHeaderEuclidean { bias: "0.0000" }, vector: [0.4199, 0.2620, 0.2655, 0.8414, 0.0192, 0.3828, 0.2561, 0.2692, 0.0368, 0.4624, "other ..."] })
Item 2: Item(Item { header: NodeHeaderEuclidean { bias: "0.0000" }, vector: [0.2651, 0.5674, 0.8457, 0.5267, 0.8284, 0.0233, 0.2096, 0.3571, 0.0995, 0.3933, "other ..."] })
Item 3: Item(Item { header: NodeHeaderEuclidean { bias: "0.0000" }, vector: [0.0001, 0.7870, 0.9674, 0.4568, 0.5250, 0.2701, 0.2417, 0.8742, 0.6869, 0.8759, "other ..."] })
Item 4: Item(Item { header: NodeHeaderEuclidean { bias: "0.0000" }, vector: [0.9792, 0.9554, 0.6188, 0.0626, 0.1792, 0.6594, 0.7769, 0.8802, 0.6502, 0.6366, "other ..."] })
Item 5: Item(Item { header: NodeHeaderEuclidean { bias: "0.0000" }, vector: [0.0850, 0.7778, 0.8818, 0.3427, 0.1293, 0.7240, 0.4773, 0.2871, 0.3988, 0.4014, "other ..."] })
Item 6: Item(Item { header: NodeHeaderEuclidean { bias: "0.0000" }, vector: [0.2916, 0.2669, 0.7149, 0.9492, 0.0534, 0.0481, 0.2997, 0.6405, 0.7399, 0.4172, "other ..."] })
Item 7: Item(Item { header: NodeHeaderEuclidean { bias: "0.0000" }, vector: [0.5699, 0.5919, 0.7788, 0.3705, 0.3807, 0.1708, 0.3678, 0.5629, 0.0612, 0.4826, "other ..."] })
Item 8: Item(Item { header: NodeHeaderEuclidean { bias: "0.0000" }, vector: [0.2942, 0.4375, 0.1915, 0.0701, 0.8306, 0.1394, 0.7766, 0.2529, 0.8725, 0.4990, "other ..."] })
Item 9: Item(Item { header: NodeHeaderEuclidean { bias: "0.0000" }, vector: [0.8134, 0.9647, 0.6640, 0.4464, 0.7439, 0.6904, 0.3159, 0.7607, 0.3483, 0.9963, "other ..."] })
Item 10: Item(Item { header: NodeHeaderEuclidean { bias: "0.0000" }, vector: [0.7050, 0.4145, 0.4917, 0.9546, 0.6272, 0.6493, 0.5966, 0.0112, 0.3779, 0.1356, "other ..."] })
Item 11: Item(Item { header: NodeHeaderEuclidean { bias: "0.0000" }, vector: [0.6560, 0.2343, 0.4079, 0.5972, 0.5766, 0.6739, 0.2985, 0.6167, 0.4834, 0.2818, "other ..."] })
Item 12: Item(Item { header: NodeHeaderEuclidean { bias: "0.0000" }, vector: [0.0595, 0.6471, 0.9697, 0.1731, 0.3990, 0.0142, 0.4745, 0.6821, 0.7069, 0.6385, "other ..."] })
Item 13: Item(Item { header: NodeHeaderEuclidean { bias: "0.0000" }, vector: [0.1726, 0.7399, 0.0271, 0.8721, 0.8725, 0.4023, 0.1558, 0.1044, 0.2096, 0.2081, "other ..."] })
Item 14: Item(Item { header: NodeHeaderEuclidean { bias: "0.0000" }, vector: [0.0066, 0.1894, 0.8055, 0.1438, 0.2038, 0.1398, 0.6604, 0.3894, 0.5771, 0.8752, "other ..."] })
Item 15: Item(Item { header: NodeHeaderEuclidean { bias: "0.0000" }, vector: [0.6031, 0.2970, 0.9485, 0.0272, 0.4336, 0.1339, 0.2209, 0.8350, 0.2566, 0.9481, "other ..."] })
Item 16: Item(Item { header: NodeHeaderEuclidean { bias: "0.0000" }, vector: [0.3837, 0.1765, 0.3607, 0.8933, 0.3599, 0.4145, 0.6767, 0.4458, 0.8279, 0.0868, "other ..."] })
Item 17: Item(Item { header: NodeHeaderEuclidean { bias: "0.0000" }, vector: [0.0819, 0.5362, 0.8215, 0.2263, 0.3109, 0.2738, 0.6133, 0.5147, 0.9334, 0.9877, "other ..."] })
Item 18: Item(Item { header: NodeHeaderEuclidean { bias: "0.0000" }, vector: [0.4704, 0.3710, 0.0685, 0.8947, 0.6470, 0.8409, 0.3697, 0.2380, 0.2569, 0.0567, "other ..."] })
Item 19: Item(Item { header: NodeHeaderEuclidean { bias: "0.0000" }, vector: [0.1390, 0.7531, 0.3249, 0.8754, 0.9984, 0.7362, 0.0281, 0.2016, 0.9443, 0.1989, "other ..."] })
Item 20: Item(Item { header: NodeHeaderEuclidean { bias: "0.0000" }, vector: [0.9168, 0.1528, 0.7924, 0.9934, 0.7933, 0.8670, 0.8508, 0.3588, 0.8401, 0.6364, "other ..."] })
Item 21: Item(Item { header: NodeHeaderEuclidean { bias: "0.0000" }, vector: [0.6252, 0.9240, 0.7227, 0.6810, 0.2563, 0.3321, 0.2283, 0.9226, 0.8494, 0.0356, "other ..."] })
Item 22: Item(Item { header: NodeHeaderEuclidean { bias: "0.0000" }, vector: [0.8837, 0.1950, 0.9960, 0.5826, 0.0503, 0.0252, 0.7039, 0.5048, 0.6060, 0.1319, "other ..."] })
Item 23: Item(Item { header: NodeHeaderEuclidean { bias: "0.0000" }, vector: [0.9915, 0.6886, 0.1976, 0.1725, 0.6776, 0.1356, 0.3842, 0.4424, 0.6939, 0.8016, "other ..."] })
Item 24: Item(Item { header: NodeHeaderEuclidean { bias: "0.0000" }, vector: [0.7629, 0.9059, 0.9850, 0.5671, 0.3269, 0.8024, 0.0646, 0.4227, 0.5682, 0.6560, "other ..."] })
Item 25: Item(Item { header: NodeHeaderEuclidean { bias: "0.0000" }, vector: [0.0116, 0.5323, 0.3940, 0.1382, 0.1987, 0.7287, 0.4026, 0.1442, 0.5957, 0.0340, "other ..."] })
Item 26: Item(Item { header: NodeHeaderEuclidean { bias: "0.0000" }, vector: [0.0722, 0.3215, 0.2138, 0.9172, 0.9432, 0.7344, 0.6013, 0.2246, 0.7490, 0.7489, "other ..."] })
Item 27: Item(Item { header: NodeHeaderEuclidean { bias: "0.0000" }, vector: [0.3569, 0.9070, 0.8412, 0.3201, 0.6998, 0.8674, 0.5494, 0.2322, 0.2969, 0.9787, "other ..."] })
Item 28: Item(Item { header: NodeHeaderEuclidean { bias: "0.0000" }, vector: [0.9752, 0.4628, 0.9139, 0.2575, 0.9084, 0.8982, 0.1891, 0.1241, 0.8916, 0.9075, "other ..."] })
Item 29: Item(Item { header: NodeHeaderEuclidean { bias: "0.0000" }, vector: [0.6021, 0.0690, 0.1080, 0.2535, 0.6817, 0.7899, 0.3297, 0.8656, 0.1566, 0.3560, "other ..."] })
Item 30: Item(Item { header: NodeHeaderEuclidean { bias: "0.0000" }, vector: [0.4547, 0.4283, 0.7629, 0.1972, 0.4169, 0.2463, 0.9524, 0.0418, 0.5042, 0.8957, "other ..."] })
Item 31: Item(Item { header: NodeHeaderEuclidean { bias: "0.0000" }, vector: [0.7584, 0.3448, 0.7315, 0.5405, 0.6797, 0.3253, 0.8611, 0.0846, 0.0174, 0.0882, "other ..."] })
Item 32: Item(Item { header: NodeHeaderEuclidean { bias: "0.0000" }, vector: [0.8631, 0.8113, 0.4576, 0.0670, 0.8585, 0.2630, 0.2871, 0.4369, 0.8413, 0.1169, "other ..."] })
Item 33: Item(Item { header: NodeHeaderEuclidean { bias: "0.0000" }, vector: [0.3494, 0.5787, 0.8027, 0.9625, 0.5944, 0.6781, 0.4204, 0.5899, 0.0209, 0.9001, "other ..."] })
Item 34: Item(Item { header: NodeHeaderEuclidean { bias: "0.0000" }, vector: [0.1429, 0.6369, 0.3378, 0.6536, 0.1102, 0.7227, 0.8701, 0.1821, 0.5264, 0.5552, "other ..."] })
Item 35: Item(Item { header: NodeHeaderEuclidean { bias: "0.0000" }, vector: [0.3281, 0.1178, 0.0533, 0.4172, 0.3990, 0.0395, 0.8533, 0.1435, 0.9799, 0.4063, "other ..."] })
Item 36: Item(Item { header: NodeHeaderEuclidean { bias: "0.0000" }, vector: [0.8470, 0.9596, 0.4124, 0.5401, 0.1223, 0.6089, 0.9136, 0.9120, 0.7385, 0.5413, "other ..."] })
Item 37: Item(Item { header: NodeHeaderEuclidean { bias: "0.0000" }, vector: [0.6603, 0.3675, 0.1019, 0.2193, 0.3180, 0.0591, 0.9934, 0.8583, 0.7473, 0.3644, "other ..."] })
Item 38: Item(Item { header: NodeHeaderEuclidean { bias: "0.0000" }, vector: [0.1546, 0.3749, 0.0835, 0.8041, 0.2294, 0.4978, 0.9517, 0.5000, 0.3866, 0.3378, "other ..."] })
Item 39: Item(Item { header: NodeHeaderEuclidean { bias: "0.0000" }, vector: [0.4498, 0.4107, 0.9992, 0.3928, 0.4779, 0.4661, 0.1282, 0.8140, 0.7490, 0.5641, "other ..."] })
Item 40: Item(Item { header: NodeHeaderEuclidean { bias: "0.0000" }, vector: [0.4935, 0.7395, 0.6451, 0.7015, 0.0522, 0.5192, 0.2266, 0.2402, 0.3333, 0.9273, "other ..."] })
Item 41: Item(Item { header: NodeHeaderEuclidean { bias: "0.0000" }, vector: [0.7821, 0.0623, 0.1168, 0.3609, 0.6040, 0.8336, 0.0911, 0.2181, 0.7485, 0.0281, "other ..."] })
Item 42: Item(Item { header: NodeHeaderEuclidean { bias: "0.0000" }, vector: [0.4844, 0.3367, 0.8977, 0.0726, 0.6655, 0.6888, 0.9977, 0.4786, 0.6354, 0.0349, "other ..."] })
Item 43: Item(Item { header: NodeHeaderEuclidean { bias: "0.0000" }, vector: [0.8608, 0.8689, 0.4918, 0.2239, 0.9291, 0.0622, 0.6843, 0.4184, 0.4703, 0.3202, "other ..."] })
Item 44: Item(Item { header: NodeHeaderEuclidean { bias: "0.0000" }, vector: [0.0551, 0.5251, 0.7779, 0.1040, 0.9286, 0.7941, 0.7117, 0.4402, 0.7396, 0.3132, "other ..."] })
Item 45: Item(Item { header: NodeHeaderEuclidean { bias: "0.0000" }, vector: [0.9838, 0.4742, 0.5307, 0.6989, 0.9323, 0.2140, 0.1371, 0.1113, 0.0322, 0.3001, "other ..."] })
Item 46: Item(Item { header: NodeHeaderEuclidean { bias: "0.0000" }, vector: [0.5916, 0.1082, 0.7825, 0.1929, 0.7196, 0.3823, 0.2323, 0.3234, 0.7334, 0.4601, "other ..."] })
Item 47: Item(Item { header: NodeHeaderEuclidean { bias: "0.0000" }, vector: [0.4506, 0.8658, 0.1164, 0.2339, 0.2266, 0.9050, 0.5849, 0.9792, 0.5951, 0.7706, "other ..."] })
Item 48: Item(Item { header: NodeHeaderEuclidean { bias: "0.0000" }, vector: [0.7705, 0.6189, 0.4477, 0.1057, 0.7328, 0.6922, 0.4087, 0.5630, 0.7761, 0.5898, "other ..."] })
Item 49: Item(Item { header: NodeHeaderEuclidean { bias: "0.0000" }, vector: [0.1322, 0.0670, 0.3404, 0.5339, 0.0229, 0.5964, 0.5497, 0.3819, 0.6553, 0.7129, "other ..."] })
Item 50: Item(Item { header: NodeHeaderEuclidean { bias: "0.0000" }, vector: [0.0418, 0.7771, 0.1553, 0.3192, 0.0459, 0.4143, 0.3707, 0.6627, 0.6568, 0.8666, "other ..."] })
Item 51: Item(Item { header: NodeHeaderEuclidean { bias: "0.0000" }, vector: [0.3643, 0.3282, 0.2580, 0.4477, 0.5920, 0.3581, 0.3502, 0.2441, 0.1707, 0.1243, "other ..."] })
Item 52: Item(Item { header: NodeHeaderEuclidean { bias: "0.0000" }, vector: [0.7721, 0.1671, 0.9193, 0.1164, 0.5486, 0.1205, 0.7077, 0.9949, 0.8732, 0.9675, "other ..."] })
Item 53: Item(Item { header: NodeHeaderEuclidean { bias: "0.0000" }, vector: [0.5928, 0.6267, 0.1717, 0.1604, 0.6506, 0.0302, 0.8289, 0.5930, 0.9304, 0.6067, "other ..."] })
Item 54: Item(Item { header: NodeHeaderEuclidean { bias: "0.0000" }, vector: [0.1165, 0.3446, 0.9755, 0.1436, 0.9761, 0.9216, 0.2756, 0.9967, 0.7486, 0.6232, "other ..."] })
Item 55: Item(Item { header: NodeHeaderEuclidean { bias: "0.0000" }, vector: [0.6095, 0.6335, 0.4740, 0.0746, 0.3871, 0.1016, 0.6414, 0.3076, 0.5484, 0.7602, "other ..."] })
Item 56: Item(Item { header: NodeHeaderEuclidean { bias: "0.0000" }, vector: [0.9043, 0.5035, 0.2169, 0.5686, 0.4564, 0.3243, 0.7777, 0.2940, 0.1526, 0.5762, "other ..."] })
Item 57: Item(Item { header: NodeHeaderEuclidean { bias: "0.0000" }, vector: [0.1524, 0.3441, 0.2368, 0.4350, 0.5328, 0.3005, 0.7021, 0.3614, 0.6369, 0.7984, "other ..."] })
Item 58: Item(Item { header: NodeHeaderEuclidean { bias: "0.0000" }, vector: [0.2521, 0.6842, 0.1135, 0.3192, 0.4543, 0.1061, 0.2675, 0.4425, 0.3531, 0.4401, "other ..."] })
Item 59: Item(Item { header: NodeHeaderEuclidean { bias: "0.0000" }, vector: [0.6227, 0.1202, 0.9715, 0.3936, 0.3423, 0.7479, 0.6526, 0.1867, 0.5568, 0.0922, "other ..."] })
Item 60: Item(Item { header: NodeHeaderEuclidean { bias: "0.0000" }, vector: [0.4621, 0.4500, 0.7957, 0.7486, 0.4893, 0.3373, 0.8893, 0.0299, 0.4020, 0.9628, "other ..."] })
Item 61: Item(Item { header: NodeHeaderEuclidean { bias: "0.0000" }, vector: [0.1347, 0.7000, 0.0530, 0.4959, 0.8227, 0.9831, 0.5433, 0.5201, 0.7924, 0.3847, "other ..."] })
Item 62: Item(Item { header: NodeHeaderEuclidean { bias: "0.0000" }, vector: [0.8026, 0.0227, 0.7350, 0.4161, 0.7097, 0.5355, 0.9565, 0.1053, 0.3177, 0.5186, "other ..."] })
Item 63: Item(Item { header: NodeHeaderEuclidean { bias: "0.0000" }, vector: [0.9221, 0.3578, 0.3207, 0.9945, 0.9288, 0.4608, 0.3001, 0.0296, 0.4678, 0.7422, "other ..."] })
Item 64: Item(Item { header: NodeHeaderEuclidean { bias: "0.0000" }, vector: [0.7908, 0.0203, 0.3900, 0.9755, 0.1293, 0.2872, 0.3445, 0.1459, 0.9796, 0.7792, "other ..."] })
Item 65: Item(Item { header: NodeHeaderEuclidean { bias: "0.0000" }, vector: [0.5677, 0.1247, 0.4928, 0.4097, 0.8433, 0.9238, 0.7848, 0.4437, 0.4696, 0.9886, "other ..."] })
Item 66: Item(Item { header: NodeHeaderEuclidean { bias: "0.0000" }, vector: [0.9350, 0.9924, 0.7515, 0.3790, 0.7403, 0.8305, 0.7240, 0.5444, 0.1211, 0.1179, "other ..."] })
Item 67: Item(Item { header: NodeHeaderEuclidean { bias: "0.0000" }, vector: [0.5299, 0.5421, 0.8194, 0.1018, 0.5426, 0.9350, 0.3228, 0.7979, 0.7473, 0.1118, "other ..."] })
Item 68: Item(Item { header: NodeHeaderEuclidean { bias: "0.0000" }, vector: [0.7202, 0.7507, 0.8958, 0.7089, 0.7351, 0.5297, 0.2843, 0.1364, 0.3376, 0.3935, "other ..."] })
Item 69: Item(Item { header: NodeHeaderEuclidean { bias: "0.0000" }, vector: [0.6163, 0.7762, 0.4365, 0.6713, 0.5647, 0.3449, 0.6615, 0.9430, 0.5941, 0.3563, "other ..."] })
Item 70: Item(Item { header: NodeHeaderEuclidean { bias: "0.0000" }, vector: [0.6408, 0.0355, 0.6109, 0.3701, 0.1244, 0.9890, 0.8110, 0.6992, 0.4823, 0.2457, "other ..."] })
Item 71: Item(Item { header: NodeHeaderEuclidean { bias: "0.0000" }, vector: [0.6478, 0.9371, 0.2378, 0.4279, 0.1400, 0.2146, 0.3193, 0.7330, 0.7932, 0.7295, "other ..."] })
Item 72: Item(Item { header: NodeHeaderEuclidean { bias: "0.0000" }, vector: [0.8504, 0.8711, 0.5896, 0.2410, 0.2023, 0.1514, 0.1462, 0.2485, 0.1558, 0.0196, "other ..."] })
Item 73: Item(Item { header: NodeHeaderEuclidean { bias: "0.0000" }, vector: [0.4640, 0.7218, 0.0154, 0.0829, 0.4829, 0.5139, 0.4344, 0.5872, 0.2770, 0.3745, "other ..."] })
Item 74: Item(Item { header: NodeHeaderEuclidean { bias: "0.0000" }, vector: [0.1574, 0.1528, 0.7839, 0.6874, 0.2127, 0.6863, 0.8016, 0.6897, 0.3058, 0.5211, "other ..."] })
Item 75: Item(Item { header: NodeHeaderEuclidean { bias: "0.0000" }, vector: [0.3639, 0.3210, 0.3718, 0.7818, 0.6264, 0.2524, 0.6018, 0.4059, 0.9744, 0.3568, "other ..."] })
Item 76: Item(Item { header: NodeHeaderEuclidean { bias: "0.0000" }, vector: [0.4165, 0.0898, 0.6449, 0.3926, 0.8879, 0.8974, 0.3679, 0.3870, 0.0928, 0.5963, "other ..."] })
Item 77: Item(Item { header: NodeHeaderEuclidean { bias: "0.0000" }, vector: [0.6003, 0.7202, 0.3803, 0.5052, 0.4006, 0.6708, 0.0438, 0.8432, 0.8772, 0.6849, "other ..."] })
Item 78: Item(Item { header: NodeHeaderEuclidean { bias: "0.0000" }, vector: [0.1169, 0.8590, 0.7849, 0.0099, 0.9294, 0.7851, 0.9878, 0.6203, 0.3452, 0.2254, "other ..."] })
Item 79: Item(Item { header: NodeHeaderEuclidean { bias: "0.0000" }, vector: [0.8093, 0.7442, 0.3738, 0.9164, 0.5923, 0.7353, 0.5379, 0.6815, 0.5925, 0.7954, "other ..."] })
Item 80: Item(Item { header: NodeHeaderEuclidean { bias: "0.0000" }, vector: [0.0600, 0.7256, 0.9863, 0.2722, 0.1111, 0.3469, 0.0548, 0.3537, 0.4830, 0.3201, "other ..."] })
Item 81: Item(Item { header: NodeHeaderEuclidean { bias: "0.0000" }, vector: [0.2370, 0.7334, 0.4755, 0.8921, 0.1448, 0.2971, 0.2116, 0.1124, 0.7297, 0.2965, "other ..."] })
Item 82: Item(Item { header: NodeHeaderEuclidean { bias: "0.0000" }, vector: [0.6896, 0.5484, 0.6041, 0.5275, 0.5048, 0.4548, 0.1419, 0.3088, 0.3050, 0.1076, "other ..."] })
Item 83: Item(Item { header: NodeHeaderEuclidean { bias: "0.0000" }, vector: [0.3071, 0.2166, 0.0566, 0.5153, 0.8628, 0.9601, 0.6390, 0.4052, 0.2759, 0.4989, "other ..."] })
Item 84: Item(Item { header: NodeHeaderEuclidean { bias: "0.0000" }, vector: [0.7830, 0.2773, 0.1046, 0.4353, 0.1210, 0.6273, 0.8741, 0.4641, 0.6691, 0.8989, "other ..."] })
Item 85: Item(Item { header: NodeHeaderEuclidean { bias: "0.0000" }, vector: [0.4718, 0.3682, 0.4350, 0.3129, 0.1289, 0.7526, 0.8249, 0.5640, 0.9296, 0.8479, "other ..."] })
Item 86: Item(Item { header: NodeHeaderEuclidean { bias: "0.0000" }, vector: [0.6009, 0.6694, 0.1466, 0.6650, 0.7175, 0.1460, 0.3400, 0.1159, 0.0663, 0.4503, "other ..."] })
Item 87: Item(Item { header: NodeHeaderEuclidean { bias: "0.0000" }, vector: [0.2909, 0.8867, 0.3238, 0.4342, 0.3491, 0.4305, 0.8452, 0.0936, 0.1220, 0.3452, "other ..."] })
Item 88: Item(Item { header: NodeHeaderEuclidean { bias: "0.0000" }, vector: [0.9767, 0.7200, 0.3680, 0.3990, 0.8036, 0.7097, 0.1595, 0.6541, 0.0915, 0.0054, "other ..."] })
Item 89: Item(Item { header: NodeHeaderEuclidean { bias: "0.0000" }, vector: [0.6270, 0.3774, 0.7874, 0.7272, 0.4240, 0.1508, 0.0360, 0.5710, 0.2254, 0.0950, "other ..."] })
Item 90: Item(Item { header: NodeHeaderEuclidean { bias: "0.0000" }, vector: [0.6283, 0.9061, 0.5514, 0.1520, 0.7314, 0.0530, 0.8088, 0.5043, 0.5434, 0.5908, "other ..."] })
Item 91: Item(Item { header: NodeHeaderEuclidean { bias: "0.0000" }, vector: [0.8560, 0.9670, 0.3969, 0.5008, 0.1567, 0.7420, 0.0072, 0.1891, 0.9690, 0.0387, "other ..."] })
Item 92: Item(Item { header: NodeHeaderEuclidean { bias: "0.0000" }, vector: [0.8066, 0.3377, 0.7841, 0.5174, 0.3105, 0.4018, 0.4617, 0.8729, 0.0545, 0.3308, "other ..."] })
Item 93: Item(Item { header: NodeHeaderEuclidean { bias: "0.0000" }, vector: [0.5034, 0.4728, 0.9950, 0.7630, 0.0154, 0.4453, 0.6893, 0.6996, 0.0246, 0.0245, "other ..."] })
Item 94: Item(Item { header: NodeHeaderEuclidean { bias: "0.0000" }, vector: [0.7564, 0.3747, 0.3160, 0.7245, 0.0098, 0.5098, 0.7783, 0.7937, 0.9048, 0.3244, "other ..."] })
Item 95: Item(Item { header: NodeHeaderEuclidean { bias: "0.0000" }, vector: [0.8157, 0.8688, 0.2659, 0.6080, 0.5274, 0.1883, 0.7562, 0.8511, 0.6928, 0.8151, "other ..."] })
Item 96: Item(Item { header: NodeHeaderEuclidean { bias: "0.0000" }, vector: [0.8436, 0.6165, 0.9728, 0.1390, 0.4555, 0.3544, 0.3377, 0.7565, 0.8193, 0.2015, "other ..."] })
Item 97: Item(Item { header: NodeHeaderEuclidean { bias: "0.0000" }, vector: [0.0850, 0.4087, 0.7257, 0.3157, 0.9526, 0.5290, 0.5818, 0.5460, 0.1906, 0.9422, "other ..."] })
Item 98: Item(Item { header: NodeHeaderEuclidean { bias: "0.0000" }, vector: [0.3141, 0.3595, 0.5764, 0.8109, 0.0659, 0.2879, 0.0346, 0.5058, 0.8167, 0.0342, "other ..."] })
Item 99: Item(Item { header: NodeHeaderEuclidean { bias: "0.0000" }, vector: [0.8320, 0.5156, 0.6172, 0.6617, 0.4999, 0.2464, 0.4536, 0.3265, 0.2163, 0.5406, "other ..."] })
