inputs:
  - [{"role":"user","content":"Question: what is obamas age to the power of 2?"}]
test_nodes:
  - name: use_tool
    conditions:
      - key: content.name
        value: "wikipedia_search"
        func: "eq"
      - key: content.input.q
        value: "Obama"
  - name: use_tool
    conditions:
      - key: content.name
        value: run_python_code
        func: eq
      - key: content.output
        value: 2000
        func: eq

  